Archive member included to satisfy reference by file (symbol)

libopencm3/lib/libopencm3_stm32f1.a(adc.o)
                              obj/anain.o (adc_power_on)
libopencm3/lib/libopencm3_stm32f1.a(adc_common_v1.o)
                              obj/anain.o (adc_power_off)
libopencm3/lib/libopencm3_stm32f1.a(can.o)
                              obj/stm32_can.o (can_reset)
libopencm3/lib/libopencm3_stm32f1.a(crc_common_all.o)
                              obj/hwinit.o (crc_reset)
libopencm3/lib/libopencm3_stm32f1.a(dma_common_l1f013.o)
                              obj/terminal.o (dma_channel_reset)
libopencm3/lib/libopencm3_stm32f1.a(flash.o)
                              obj/hwinit.o (flash_erase_page)
libopencm3/lib/libopencm3_stm32f1.a(flash_common_all.o)
                              obj/stm32_can.o (flash_set_ws)
libopencm3/lib/libopencm3_stm32f1.a(flash_common_f.o)
                              obj/hwinit.o (flash_unlock)
libopencm3/lib/libopencm3_stm32f1.a(flash_common_f01.o)
                              libopencm3/lib/libopencm3_stm32f1.a(flash.o) (flash_clear_pgerr_flag)
libopencm3/lib/libopencm3_stm32f1.a(gpio.o)
                              obj/hwinit.o (gpio_set_mode)
libopencm3/lib/libopencm3_stm32f1.a(gpio_common_all.o)
                              obj/main.o (gpio_set)
libopencm3/lib/libopencm3_stm32f1.a(iwdg_common_all.o)
                              obj/main.o (iwdg_reset)
libopencm3/lib/libopencm3_stm32f1.a(rcc.o)
                              obj/hwinit.o (rcc_clock_setup_in_hse_8mhz_out_72mhz)
libopencm3/lib/libopencm3_stm32f1.a(rcc_common_all.o)
                              obj/hwinit.o (rcc_periph_clock_enable)
libopencm3/lib/libopencm3_stm32f1.a(rtc.o)
                              obj/main.o (rtc_get_counter_val)
libopencm3/lib/libopencm3_stm32f1.a(timer_common_all.o)
                              obj/stm32scheduler.o (timer_enable_irq)
libopencm3/lib/libopencm3_stm32f1.a(usart_common_all.o)
                              obj/terminal.o (usart_set_baudrate)
libopencm3/lib/libopencm3_stm32f1.a(usart_common_f124.o)
                              libopencm3/lib/libopencm3_stm32f1.a(usart_common_all.o) (usart_send)
libopencm3/lib/libopencm3_stm32f1.a(vector.o)
                              (reset_handler)
libopencm3/lib/libopencm3_stm32f1.a(scb.o)
                              obj/terminalcommands.o (scb_reset_system)
libopencm3/lib/libopencm3_stm32f1.a(nvic.o)
                              obj/hwinit.o (nvic_enable_irq)
libopencm3/lib/libopencm3_stm32f1.a(assert.o)
                              libopencm3/lib/libopencm3_stm32f1.a(rcc.o) (cm3_assert_failed)
libopencm3/lib/libopencm3_stm32f1.a(desig_common_v1.o)
                              libopencm3/lib/libopencm3_stm32f1.a(flash.o) (desig_get_flash_size)
libopencm3/lib/libopencm3_stm32f1.a(pwr_common_v1.o)
                              libopencm3/lib/libopencm3_stm32f1.a(rtc.o) (pwr_disable_backup_domain_write_protect)

Discarded input sections

 .group         0x0000000000000000        0xc obj/main.o
 .text          0x0000000000000000        0x0 obj/main.o
 .data          0x0000000000000000        0x0 obj/main.o
 .bss           0x0000000000000000        0x0 obj/main.o
 .text          0x0000000000000000        0x0 obj/hwinit.o
 .data          0x0000000000000000        0x0 obj/hwinit.o
 .bss           0x0000000000000000        0x0 obj/hwinit.o
 .text          0x0000000000000000        0x0 obj/stm32scheduler.o
 .data          0x0000000000000000        0x0 obj/stm32scheduler.o
 .bss           0x0000000000000000        0x0 obj/stm32scheduler.o
 .text          0x0000000000000000        0x0 obj/params.o
 .data          0x0000000000000000        0x0 obj/params.o
 .bss           0x0000000000000000        0x0 obj/params.o
 .text._ZN5Param7GetBoolENS_9PARAM_NUME
                0x0000000000000000       0x14 obj/params.o
 .text          0x0000000000000000        0x0 obj/terminal.o
 .data          0x0000000000000000        0x0 obj/terminal.o
 .bss           0x0000000000000000        0x0 obj/terminal.o
 .text._ZN8Terminal12DisableTxDMAEv
                0x0000000000000000       0x20 obj/terminal.o
 .text          0x0000000000000000        0x0 obj/terminal_prj.o
 .data          0x0000000000000000        0x0 obj/terminal_prj.o
 .bss           0x0000000000000000        0x0 obj/terminal_prj.o
 .text          0x0000000000000000        0x0 obj/my_string.o
 .data          0x0000000000000000        0x0 obj/my_string.o
 .bss           0x0000000000000000        0x0 obj/my_string.o
 .text.my_strcat
                0x0000000000000000       0x10 obj/my_string.o
 .text          0x0000000000000000        0x0 obj/digio.o
 .data          0x0000000000000000        0x0 obj/digio.o
 .bss           0x0000000000000000        0x0 obj/digio.o
 .text          0x0000000000000000        0x0 obj/sine_core.o
 .data          0x0000000000000000        0x0 obj/sine_core.o
 .bss           0x0000000000000000        0x0 obj/sine_core.o
 .text._ZN8SineCore4SineEt
[...]
Memory Configuration

Name             Origin             Length             Attributes
rom              0x0000000008001000 0x000000000001e000 xr
ram              0x0000000020000000 0x0000000000005000 xrw
*default*        0x0000000000000000 0xffffffffffffffff

Linker script and memory map

LOAD obj/main.o
LOAD obj/hwinit.o
LOAD obj/stm32scheduler.o
LOAD obj/params.o
LOAD obj/terminal.o
LOAD obj/terminal_prj.o
LOAD obj/my_string.o
LOAD obj/digio.o
LOAD obj/sine_core.o
LOAD obj/my_fp.o
LOAD obj/printf.o
LOAD obj/anain.o
LOAD obj/param_save.o
LOAD obj/errormessage.o
LOAD obj/stm32_can.o
LOAD obj/picontroller.o
LOAD obj/terminalcommands.o
LOAD obj/chademo.o
LOAD obj/isa_shunt.o
LOAD libopencm3/lib/libopencm3_stm32f1.a
START GROUP
LOAD /usr/lib/gcc/arm-none-eabi/9.2.1/libgcc.a
LOAD /usr/lib/gcc/arm-none-eabi/9.2.1/../../../arm-none-eabi/lib/libc.a
END GROUP

.text           0x0000000008001000     0x4138
 *(.vectors)
 .vectors       0x0000000008001000      0x150 libopencm3/lib/libopencm3_stm32f1.a(vector.o)
                0x0000000008001000                vector_table
 *(.text*)
 .text._ZL11CanCallbackmPm
                0x0000000008001150       0x5e obj/main.o
 .text._ZN5DigIo3GetEv
                0x00000000080011ae       0x12 obj/main.o
                0x00000000080011ae                DigIo::Get()
 .text._ZL8Ms10Taskv
                0x00000000080011c0       0x8c obj/main.o
 .text._ZL9Ms100Taskv
                0x000000000800124c      0x1d8 obj/main.o
 .text._Z11parm_ChangeN5Param9PARAM_NUME
                0x0000000008001424        0x2 obj/main.o
                0x0000000008001424                parm_Change(Param::PARAM_NUM)
 *fill*         0x0000000008001426        0x2 
 .text.tim2_isr
                0x0000000008001428        0xc obj/main.o
                0x0000000008001428                tim2_isr
 .text.startup.main
                0x0000000008001434      0x1c4 obj/main.o
                0x0000000008001434                main
 .text.clock_setup
                0x00000000080015f8       0x78 obj/hwinit.o
                0x00000000080015f8                clock_setup
 .text.write_bootloader_pininit
                0x0000000008001670       0x74 obj/hwinit.o
                0x0000000008001670                write_bootloader_pininit
 .text.nvic_setup
                0x00000000080016e4       0x14 obj/hwinit.o
                0x00000000080016e4                nvic_setup
 .text.rtc_setup
                0x00000000080016f8       0x16 obj/hwinit.o
                0x00000000080016f8                rtc_setup
 *fill*         0x000000000800170e        0x2 
 .text.tim_setup
                0x0000000008001710       0xdc obj/hwinit.o
                0x0000000008001710                tim_setup
 .text._ZN14Stm32Scheduler6nofuncEv
                0x00000000080017ec        0x2 obj/stm32scheduler.o
                0x00000000080017ec                Stm32Scheduler::nofunc()
 *fill*         0x00000000080017ee        0x2 
 .text._ZN14Stm32SchedulerC2Em
                0x00000000080017f0       0x48 obj/stm32scheduler.o
                0x00000000080017f0                Stm32Scheduler::Stm32Scheduler(unsigned long)
                0x00000000080017f0                Stm32Scheduler::Stm32Scheduler(unsigned long)
 .text._ZN14Stm32Scheduler7AddTaskEPFvvEt
                0x0000000008001838       0x6c obj/stm32scheduler.o
                0x0000000008001838                Stm32Scheduler::AddTask(void (*)(), unsigned short)
 .text._ZN14Stm32Scheduler3RunEv
                0x00000000080018a4       0x60 obj/stm32scheduler.o
                0x00000000080018a4                Stm32Scheduler::Run()
 .text._ZN14Stm32Scheduler10GetCpuLoadEv
                0x0000000008001904       0x24 obj/stm32scheduler.o
                0x0000000008001904                Stm32Scheduler::GetCpuLoad()
 .text._ZN5Param3SetENS_9PARAM_NUMEl
                0x0000000008001928       0x30 obj/params.o
                0x0000000008001928                Param::Set(Param::PARAM_NUM, long)
 .text._ZN5Param3GetENS_9PARAM_NUME
                0x0000000008001958        0xc obj/params.o
                0x0000000008001958                Param::Get(Param::PARAM_NUM)
 .text._ZN5Param6GetIntENS_9PARAM_NUME
                0x0000000008001964       0x10 obj/params.o
                0x0000000008001964                Param::GetInt(Param::PARAM_NUM)
 .text._ZN5Param6SetIntENS_9PARAM_NUMEi
                0x0000000008001974       0x10 obj/params.o
                0x0000000008001974                Param::SetInt(Param::PARAM_NUM, int)
 .text._ZN5Param6SetFltENS_9PARAM_NUMEl
                0x0000000008001984        0xc obj/params.o
                0x0000000008001984                Param::SetFlt(Param::PARAM_NUM, long)
 .text._ZN5Param13NumFromStringEPKc
                0x0000000008001990       0x28 obj/params.o
                0x0000000008001990                Param::NumFromString(char const*)
 .text._ZN5Param9NumFromIdEm
                0x00000000080019b8       0x20 obj/params.o
                0x00000000080019b8                Param::NumFromId(unsigned long)
 .text._ZN5Param9GetAttribENS_9PARAM_NUME
                0x00000000080019d8       0x10 obj/params.o
                0x00000000080019d8                Param::GetAttrib(Param::PARAM_NUM)
 .text._ZN5Param7IsParamENS_9PARAM_NUME
                0x00000000080019e8       0x18 obj/params.o
                0x00000000080019e8                Param::IsParam(Param::PARAM_NUM)
 .text._ZN5Param12LoadDefaultsEv
                0x0000000008001a00       0x24 obj/params.o
                0x0000000008001a00                Param::LoadDefaults()
 .text._ZN5Param11SetFlagsRawENS_9PARAM_NUMEh
                0x0000000008001a24        0xc obj/params.o
                0x0000000008001a24                Param::SetFlagsRaw(Param::PARAM_NUM, unsigned char)
 .text._ZN5Param7SetFlagENS_9PARAM_NUMENS_10PARAM_FLAGE
                0x0000000008001a30       0x10 obj/params.o
                0x0000000008001a30                Param::SetFlag(Param::PARAM_NUM, Param::PARAM_FLAG)
 .text._ZN5Param9ClearFlagENS_9PARAM_NUMENS_10PARAM_FLAGE
                0x0000000008001a40       0x10 obj/params.o
                0x0000000008001a40                Param::ClearFlag(Param::PARAM_NUM, Param::PARAM_FLAG)
 .text._ZN5Param7GetFlagENS_9PARAM_NUME
                0x0000000008001a50        0xc obj/params.o
                0x0000000008001a50                Param::GetFlag(Param::PARAM_NUM)
 .text.startup._GLOBAL__sub_I__ZN5Param3SetENS_9PARAM_NUMEl
                0x0000000008001a5c       0x14 obj/params.o
 .text._ZN8Terminal7PutCharEc
                0x0000000008001a70       0xa8 obj/terminal.o
                0x0000000008001a70                Terminal::PutChar(char)
 .text._ZN8Terminal10KeyPressedEv
                0x0000000008001b18        0x8 obj/terminal.o
                0x0000000008001b18                Terminal::KeyPressed()
 .text._ZN8Terminal10FlushInputEv
                0x0000000008001b20        0x6 obj/terminal.o
                0x0000000008001b20                Terminal::FlushInput()
 *fill*         0x0000000008001b26        0x2 
 .text._ZN8Terminal8ResetDMAEv
                0x0000000008001b28       0x3c obj/terminal.o
                0x0000000008001b28                Terminal::ResetDMA()
 .text._ZN8TerminalC2EmPK8TERM_CMDb
                0x0000000008001b64      0x144 obj/terminal.o
                0x0000000008001b64                Terminal::Terminal(unsigned long, TERM_CMD const*, bool)
                0x0000000008001b64                Terminal::Terminal(unsigned long, TERM_CMD const*, bool)
 .text._ZN8Terminal9CmdLookupEPc
                0x0000000008001ca8       0x24 obj/terminal.o
                0x0000000008001ca8                Terminal::CmdLookup(char*)
 .text._ZN8Terminal4SendEPKc
                0x0000000008001ccc       0x16 obj/terminal.o
                0x0000000008001ccc                Terminal::Send(char const*)
 *fill*         0x0000000008001ce2        0x2 
 .text._ZN8Terminal10EnableUartEPc
                0x0000000008001ce4       0x5c obj/terminal.o
                0x0000000008001ce4                Terminal::EnableUart(char*)
 .text._ZN8Terminal8FastUartEPc
                0x0000000008001d40       0x48 obj/terminal.o
                0x0000000008001d40                Terminal::FastUart(char*)
 .text._ZN8Terminal3RunEv
                0x0000000008001d88      0x134 obj/terminal.o
                0x0000000008001d88                Terminal::Run()
 .text.putchar  0x0000000008001ebc       0x14 obj/terminal.o
                0x0000000008001ebc                putchar
 .text._ZL4HelpP8TerminalPc
                0x0000000008001ed0        0x2 obj/terminal_prj.o
 .text._ZL11PrintErrorsP8TerminalPc
                0x0000000008001ed2        0x4 obj/terminal_prj.o
 *fill*         0x0000000008001ed6        0x2 
 .text._ZL11PrintSerialP8TerminalPc
                0x0000000008001ed8       0x28 obj/terminal_prj.o
 .text._ZL12LoadDefaultsP8TerminalPc
                0x0000000008001f00       0x18 obj/terminal_prj.o
 .text.my_strcmp
                0x0000000008001f18       0x1c obj/my_string.o
                0x0000000008001f18                my_strcmp
 .text.my_strcpy
                0x0000000008001f34       0x12 obj/my_string.o
                0x0000000008001f34                my_strcpy
 .text.my_strlen
                0x0000000008001f46        0xe obj/my_string.o
                0x0000000008001f46                my_strlen
 .text.my_strchr
                0x0000000008001f54       0x10 obj/my_string.o
                0x0000000008001f54                my_strchr
 .text.my_ltoa  0x0000000008001f64       0x5a obj/my_string.o
                0x0000000008001f64                my_ltoa
 .text.my_atoi  0x0000000008001fbe       0x30 obj/my_string.o
                0x0000000008001fbe                my_atoi
 *fill*         0x0000000008001fee        0x2 
 .text.my_trim  0x0000000008001ff0       0x54 obj/my_string.o
                0x0000000008001ff0                my_trim
 .text.memcpy32
                0x0000000008002044       0x16 obj/my_string.o
                0x0000000008002044                memcpy32
 .text.memset32
                0x000000000800205a        0xc obj/my_string.o
                0x000000000800205a                memset32
 *fill*         0x0000000008002066        0x2 
 .text._ZN5DigIo9ConfigureEmtN7PinMode7PinModeE
                0x0000000008002068       0x4c obj/digio.o
                0x0000000008002068                DigIo::Configure(unsigned long, unsigned short, PinMode::PinMode)
 .text.startup._GLOBAL__sub_I__ZN8SineCore8minPulseE
                0x00000000080020b4       0x10 obj/sine_core.o
 .text.fp_itoa  0x00000000080020c4       0x56 obj/my_fp.o
                0x00000000080020c4                fp_itoa
 .text.fp_atoi  0x000000000800211a       0x62 obj/my_fp.o
                0x000000000800211a                fp_atoi
 .text._ZL6printsP8IPutCharPKcii
                0x000000000800217c       0x94 obj/printf.o
 .text._ZL6printiP8IPutChariiiiii
                0x0000000008002210       0xa0 obj/printf.o
 .text._ZN13ExternPutChar7PutCharEc
                0x00000000080022b0        0x6 obj/printf.o
                0x00000000080022b0                ExternPutChar::PutChar(char)
 *fill*         0x00000000080022b6        0x2 
 .text._ZL5printP8IPutCharPKcSt9__va_list
                0x00000000080022b8      0x11c obj/printf.o
 .text._Z6printfPKcz
                0x00000000080023d4       0x24 obj/printf.o
                0x00000000080023d4                printf(char const*, ...)
 .text._Z7fprintfP8IPutCharPKcz
                0x00000000080023f8       0x1a obj/printf.o
                0x00000000080023f8                fprintf(IPutChar*, char const*, ...)
 *fill*         0x0000000008002412        0x2 
 .text._ZN5AnaIn5StartEv
                0x0000000008002414       0xd0 obj/anain.o
                0x0000000008002414                AnaIn::Start()
 .text._ZN5AnaIn13AdcChFromPortEmi
                0x00000000080024e4       0x3c obj/anain.o
                0x00000000080024e4                AnaIn::AdcChFromPort(unsigned long, int)
 .text._ZN5AnaIn9ConfigureEmh
                0x0000000008002520       0x38 obj/anain.o
                0x0000000008002520                AnaIn::Configure(unsigned long, unsigned char)
 .text.startup._GLOBAL__sub_I__ZN5AnaIn13channel_arrayE
                0x0000000008002558       0x10 obj/anain.o
 .text.parm_save
                0x0000000008002568       0x98 obj/param_save.o
                0x0000000008002568                parm_save
 .text.parm_load
                0x0000000008002600       0x58 obj/param_save.o
                0x0000000008002600                parm_load
 .text._ZN12ErrorMessage7SetTimeEm
                0x0000000008002658        0xc obj/errormessage.o
                0x0000000008002658                ErrorMessage::SetTime(unsigned long)
 .text._ZN12ErrorMessage4PostE17ERROR_MESSAGE_NUM
                0x0000000008002664       0x44 obj/errormessage.o
                0x0000000008002664                ErrorMessage::Post(ERROR_MESSAGE_NUM)
 .text._ZN12ErrorMessage10PrintErrorEm17ERROR_MESSAGE_NUM
                0x00000000080026a8       0x2c obj/errormessage.o
                0x00000000080026a8                ErrorMessage::PrintError(unsigned long, ERROR_MESSAGE_NUM)
 .text._ZN12ErrorMessage14PrintAllErrorsEv
                0x00000000080026d4       0x30 obj/errormessage.o
                0x00000000080026d4                ErrorMessage::PrintAllErrors()
 .text._ZL13DummyCallbackmPm
                0x0000000008002704        0x2 obj/stm32_can.o
 .text._ZN3Can18SetReceiveCallbackEPFvmPmE
                0x0000000008002706        0x6 obj/stm32_can.o
                0x0000000008002706                Can::SetReceiveCallback(void (*)(unsigned long, unsigned long*))
 .text._ZN3Can7FindMapEN5Param9PARAM_NUMERiS2_S2_RlRb
                0x000000000800270c       0x80 obj/stm32_can.o
                0x000000000800270c                Can::FindMap(Param::PARAM_NUM, int&, int&, int&, long&, bool&)
 .text._ZN3Can11SetBaudrateENS_9baudratesE
                0x000000000800278c       0x3c obj/stm32_can.o
                0x000000000800278c                Can::SetBaudrate(Can::baudrates)
 .text._ZN3Can4SendEmPmh
                0x00000000080027c8       0x6c obj/stm32_can.o
                0x00000000080027c8                Can::Send(unsigned long, unsigned long*, unsigned char)
 .text._ZN3Can13IterateCanMapEPFvN5Param9PARAM_NUMEiiilbE
                0x0000000008002834       0x74 obj/stm32_can.o
                0x0000000008002834                Can::IterateCanMap(void (*)(Param::PARAM_NUM, int, int, int, long, bool))
 .text._ZN3Can12GetInterfaceEi
                0x00000000080028a8       0x14 obj/stm32_can.o
                0x00000000080028a8                Can::GetInterface(int)
 .text._ZN3Can8HandleTxEv
                0x00000000080028bc       0x5c obj/stm32_can.o
                0x00000000080028bc                Can::HandleTx()
 .text._ZN3Can13SetFilterBankERiS0_Pt
                0x0000000008002918       0x48 obj/stm32_can.o
                0x0000000008002918                Can::SetFilterBank(int&, int&, unsigned short*)
 .text._ZN3Can16ConfigureFiltersEv
                0x0000000008002960       0xcc obj/stm32_can.o
                0x0000000008002960                Can::ConfigureFilters()
 .text._ZN3Can19RegisterUserMessageEi
                0x0000000008002a2c       0x24 obj/stm32_can.o
                0x0000000008002a2c                Can::RegisterUserMessage(int)
 .text._ZN3Can8ClearMapEPNS_8CANIDMAPE
                0x0000000008002a50       0x2a obj/stm32_can.o
                0x0000000008002a50                Can::ClearMap(Can::CANIDMAP*)
 .text._ZN3Can5ClearEv
                0x0000000008002a7a       0x1e obj/stm32_can.o
                0x0000000008002a7a                Can::Clear()
 .text._ZN3Can8FindByIdEPNS_8CANIDMAPEi
                0x0000000008002a98       0x18 obj/stm32_can.o
                0x0000000008002a98                Can::FindById(Can::CANIDMAP*, int)
 .text._ZN3Can3AddEPNS_8CANIDMAPEN5Param9PARAM_NUMEiiis
                0x0000000008002ab0       0x9a obj/stm32_can.o
                0x0000000008002ab0                Can::Add(Can::CANIDMAP*, Param::PARAM_NUM, int, int, int, short)
 .text._ZN3Can7AddSendEN5Param9PARAM_NUMEiiis
                0x0000000008002b4a       0x1c obj/stm32_can.o
                0x0000000008002b4a                Can::AddSend(Param::PARAM_NUM, int, int, int, short)
 .text._ZN3Can7AddRecvEN5Param9PARAM_NUMEiiis
                0x0000000008002b66       0x2c obj/stm32_can.o
                0x0000000008002b66                Can::AddRecv(Param::PARAM_NUM, int, int, int, short)
 .text._ZN3Can10ProcessSDOEPm
                0x0000000008002b92       0xba obj/stm32_can.o
                0x0000000008002b92                Can::ProcessSDO(unsigned long*)
 .text._ZN3Can8HandleRxEi
                0x0000000008002c4c       0xf2 obj/stm32_can.o
                0x0000000008002c4c                Can::HandleRx(int)
 .text._ZN3Can11SaveToFlashEmPmi
                0x0000000008002d3e       0x32 obj/stm32_can.o
                0x0000000008002d3e                Can::SaveToFlash(unsigned long, unsigned long*, int)
 .text._ZN3Can15CopyIdMapExceptEPNS_8CANIDMAPES1_N5Param9PARAM_NUME
                0x0000000008002d70       0x9e obj/stm32_can.o
                0x0000000008002d70                Can::CopyIdMapExcept(Can::CANIDMAP*, Can::CANIDMAP*, Param::PARAM_NUM)
 .text._ZN3Can13RemoveFromMapEPNS_8CANIDMAPEN5Param9PARAM_NUME
                0x0000000008002e0e       0x36 obj/stm32_can.o
                0x0000000008002e0e                Can::RemoveFromMap(Can::CANIDMAP*, Param::PARAM_NUM)
 .text._ZN3Can6RemoveEN5Param9PARAM_NUME
                0x0000000008002e44       0x20 obj/stm32_can.o
                0x0000000008002e44                Can::Remove(Param::PARAM_NUM)
 .text._ZN3Can21ReplaceParamEnumByUidEPNS_8CANIDMAPE
                0x0000000008002e64       0x56 obj/stm32_can.o
                0x0000000008002e64                Can::ReplaceParamEnumByUid(Can::CANIDMAP*)
 .text._ZN3Can21ReplaceParamUidByEnumEPNS_8CANIDMAPE
                0x0000000008002eba       0x54 obj/stm32_can.o
                0x0000000008002eba                Can::ReplaceParamUidByEnum(Can::CANIDMAP*)
 *fill*         0x0000000008002f0e        0x2 
 .text._ZN3Can4SaveEv
                0x0000000008002f10       0x78 obj/stm32_can.o
                0x0000000008002f10                Can::Save()
 .text._ZN3Can13LoadFromFlashEv
                0x0000000008002f88       0x54 obj/stm32_can.o
                0x0000000008002f88                Can::LoadFromFlash()
 .text._ZN3CanC2EmNS_9baudratesE
                0x0000000008002fdc      0x12c obj/stm32_can.o
                0x0000000008002fdc                Can::Can(unsigned long, Can::baudrates)
                0x0000000008002fdc                Can::Can(unsigned long, Can::baudrates)
 .text.usb_lp_can_rx0_isr
                0x0000000008003108       0x10 obj/stm32_can.o
                0x0000000008003108                usb_lp_can_rx0_isr
 .text.can_rx1_isr
                0x0000000008003118       0x10 obj/stm32_can.o
                0x0000000008003118                can_rx1_isr
 .text.usb_hp_can_tx_isr
                0x0000000008003128        0xc obj/stm32_can.o
                0x0000000008003128                usb_hp_can_tx_isr
 .text.can2_rx0_isr
                0x0000000008003134       0x10 obj/stm32_can.o
                0x0000000008003134                can2_rx0_isr
 .text.can2_rx1_isr
                0x0000000008003144       0x10 obj/stm32_can.o
                0x0000000008003144                can2_rx1_isr
 .text.can2_tx_isr
                0x0000000008003154        0xc obj/stm32_can.o
                0x0000000008003154                can2_tx_isr
 .text._ZN16TerminalCommands11PrintCanMapEN5Param9PARAM_NUMEiiilb
                0x0000000008003160       0x64 obj/terminalcommands.o
                0x0000000008003160                TerminalCommands::PrintCanMap(Param::PARAM_NUM, int, int, int, long, bool)
 .text._ZN16TerminalCommands8ParamSetEP8TerminalPc
                0x00000000080031c4       0x68 obj/terminalcommands.o
                0x00000000080031c4                TerminalCommands::ParamSet(Terminal*, char*)
 .text._ZN16TerminalCommands8ParamGetEP8TerminalPc
                0x000000000800322c       0x5c obj/terminalcommands.o
                0x000000000800322c                TerminalCommands::ParamGet(Terminal*, char*)
 .text._ZN16TerminalCommands9ParamFlagEP8TerminalPc
                0x0000000008003288       0x90 obj/terminalcommands.o
                0x0000000008003288                TerminalCommands::ParamFlag(Terminal*, char*)
 .text._ZN16TerminalCommands11ParamStreamEP8TerminalPc
                0x0000000008003318       0xf4 obj/terminalcommands.o
                0x0000000008003318                TerminalCommands::ParamStream(Terminal*, char*)
 .text._ZN16TerminalCommands15PrintParamsJsonEP8TerminalPc
                0x000000000800340c      0x10c obj/terminalcommands.o
                0x000000000800340c                TerminalCommands::PrintParamsJson(Terminal*, char*)
 .text._ZN16TerminalCommands6MapCanEP8TerminalPc
                0x0000000008003518      0x1c4 obj/terminalcommands.o
                0x0000000008003518                TerminalCommands::MapCan(Terminal*, char*)
 .text._ZN16TerminalCommands14SaveParametersEP8TerminalPc
                0x00000000080036dc       0x30 obj/terminalcommands.o
                0x00000000080036dc                TerminalCommands::SaveParameters(Terminal*, char*)
 .text._ZN16TerminalCommands14LoadParametersEP8TerminalPc
                0x000000000800370c       0x28 obj/terminalcommands.o
                0x000000000800370c                TerminalCommands::LoadParameters(Terminal*, char*)
 .text._ZN16TerminalCommands5ResetEP8TerminalPc
                0x0000000008003734        0x6 obj/terminalcommands.o
                0x0000000008003734                TerminalCommands::Reset(Terminal*, char*)
 *fill*         0x000000000800373a        0x2 
 .text._ZN7ChaDeMo17Process108MessageEPm
                0x000000000800373c        0xc obj/chademo.o
                0x000000000800373c                ChaDeMo::Process108Message(unsigned long*)
 .text._ZN7ChaDeMo17Process109MessageEPm
                0x0000000008003748       0x28 obj/chademo.o
                0x0000000008003748                ChaDeMo::Process109Message(unsigned long*)
 .text._ZN7ChaDeMo10SetEnabledEb
                0x0000000008003770       0x24 obj/chademo.o
                0x0000000008003770                ChaDeMo::SetEnabled(bool)
 .text._ZN7ChaDeMo16SetChargeCurrentEh
                0x0000000008003794       0x30 obj/chademo.o
                0x0000000008003794                ChaDeMo::SetChargeCurrent(unsigned char)
 .text._ZN7ChaDeMo20CheckSensorDeviationEt
                0x00000000080037c4       0x4c obj/chademo.o
                0x00000000080037c4                ChaDeMo::CheckSensorDeviation(unsigned short)
 .text._ZN7ChaDeMo12SendMessagesEP3Can
                0x0000000008003810       0xd4 obj/chademo.o
                0x0000000008003810                ChaDeMo::SendMessages(Can*)
 .text._ZN3ISA9handle521EPm
                0x00000000080038e4       0x10 obj/isa_shunt.o
                0x00000000080038e4                ISA::handle521(unsigned long*)
 .text._ZN3ISA9handle522EPm
                0x00000000080038f4       0x10 obj/isa_shunt.o
                0x00000000080038f4                ISA::handle522(unsigned long*)
 .text._ZN3ISA9handle523EPm
                0x0000000008003904       0x10 obj/isa_shunt.o
                0x0000000008003904                ISA::handle523(unsigned long*)
 .text._ZN3ISA9handle524EPm
                0x0000000008003914       0x10 obj/isa_shunt.o
                0x0000000008003914                ISA::handle524(unsigned long*)
 .text._ZN3ISA9handle525EPm
                0x0000000008003924       0x24 obj/isa_shunt.o
                0x0000000008003924                ISA::handle525(unsigned long*)
 .text._ZN3ISA9handle526EPm
                0x0000000008003948       0x10 obj/isa_shunt.o
                0x0000000008003948                ISA::handle526(unsigned long*)
 .text._ZN3ISA9handle527EPm
                0x0000000008003958       0x10 obj/isa_shunt.o
                0x0000000008003958                ISA::handle527(unsigned long*)
 .text._ZN3ISA9handle528EPm
                0x0000000008003968       0x10 obj/isa_shunt.o
                0x0000000008003968                ISA::handle528(unsigned long*)
 .text.adc_power_on
                0x0000000008003978       0x10 libopencm3/lib/libopencm3_stm32f1.a(adc.o)
                0x0000000008003978                adc_power_on
 .text.adc_start_conversion_direct
                0x0000000008003988       0x10 libopencm3/lib/libopencm3_stm32f1.a(adc.o)
                0x0000000008003988                adc_start_conversion_direct
 .text.adc_reset_calibration
                0x0000000008003998       0x14 libopencm3/lib/libopencm3_stm32f1.a(adc.o)
                0x0000000008003998                adc_reset_calibration
 .text.adc_calibrate_async
                0x00000000080039ac        0xa libopencm3/lib/libopencm3_stm32f1.a(adc.o)
                0x00000000080039ac                adc_calibrate_async
 .text.adc_is_calibrating
                0x00000000080039b6        0x8 libopencm3/lib/libopencm3_stm32f1.a(adc.o)
                0x00000000080039b6                adc_is_calibrating
 .text.adc_calibrate
                0x00000000080039be       0x14 libopencm3/lib/libopencm3_stm32f1.a(adc.o)
                0x00000000080039be                adc_calibrate
 .text.adc_set_sample_time_on_all_channels
                0x00000000080039d2       0x2a libopencm3/lib/libopencm3_stm32f1.a(adc.o)
                0x00000000080039d2                adc_set_sample_time_on_all_channels
 .text.adc_power_off
                0x00000000080039fc        0xa libopencm3/lib/libopencm3_stm32f1.a(adc_common_v1.o)
                0x00000000080039fc                adc_power_off
 .text.adc_enable_scan_mode
                0x0000000008003a06        0xa libopencm3/lib/libopencm3_stm32f1.a(adc_common_v1.o)
                0x0000000008003a06                adc_enable_scan_mode
 .text.adc_set_right_aligned
                0x0000000008003a10        0xa libopencm3/lib/libopencm3_stm32f1.a(adc_common_v1.o)
                0x0000000008003a10                adc_set_right_aligned
 .text.adc_set_continuous_conversion_mode
                0x0000000008003a1a        0xa libopencm3/lib/libopencm3_stm32f1.a(adc_common_v1.o)
                0x0000000008003a1a                adc_set_continuous_conversion_mode
 .text.adc_set_regular_sequence
                0x0000000008003a24       0x72 libopencm3/lib/libopencm3_stm32f1.a(adc_common_v1.o)
                0x0000000008003a24                adc_set_regular_sequence
 .text.adc_start_conversion_regular
                0x0000000008003a96       0x14 libopencm3/lib/libopencm3_stm32f1.a(adc_common_v1.o)
                0x0000000008003a96                adc_start_conversion_regular
 .text.adc_enable_dma
                0x0000000008003aaa        0xa libopencm3/lib/libopencm3_stm32f1.a(adc_common_v1.o)
                0x0000000008003aaa                adc_enable_dma
 .text.can_reset
                0x0000000008003ab4       0x18 libopencm3/lib/libopencm3_stm32f1.a(can.o)
                0x0000000008003ab4                can_reset
 .text.can_init
                0x0000000008003acc      0x12a libopencm3/lib/libopencm3_stm32f1.a(can.o)
                0x0000000008003acc                can_init
 *fill*         0x0000000008003bf6        0x2 
 .text.can_filter_init
                0x0000000008003bf8       0x90 libopencm3/lib/libopencm3_stm32f1.a(can.o)
                0x0000000008003bf8                can_filter_init
 .text.can_filter_id_list_16bit_init
                0x0000000008003c88       0x20 libopencm3/lib/libopencm3_stm32f1.a(can.o)
                0x0000000008003c88                can_filter_id_list_16bit_init
 .text.can_enable_irq
                0x0000000008003ca8        0x8 libopencm3/lib/libopencm3_stm32f1.a(can.o)
                0x0000000008003ca8                can_enable_irq
 .text.can_disable_irq
                0x0000000008003cb0        0xa libopencm3/lib/libopencm3_stm32f1.a(can.o)
                0x0000000008003cb0                can_disable_irq
 .text.can_transmit
                0x0000000008003cba       0xca libopencm3/lib/libopencm3_stm32f1.a(can.o)
                0x0000000008003cba                can_transmit
 .text.can_fifo_release
                0x0000000008003d84       0x16 libopencm3/lib/libopencm3_stm32f1.a(can.o)
                0x0000000008003d84                can_fifo_release
 .text.can_fifo_pending
                0x0000000008003d9a        0xe libopencm3/lib/libopencm3_stm32f1.a(can.o)
                0x0000000008003d9a                can_fifo_pending
 .text.can_receive
                0x0000000008003da8       0xae libopencm3/lib/libopencm3_stm32f1.a(can.o)
                0x0000000008003da8                can_receive
 *fill*         0x0000000008003e56        0x2 
 .text.crc_reset
                0x0000000008003e58       0x10 libopencm3/lib/libopencm3_stm32f1.a(crc_common_all.o)
                0x0000000008003e58                crc_reset
 .text.crc_calculate
                0x0000000008003e68        0xc libopencm3/lib/libopencm3_stm32f1.a(crc_common_all.o)
                0x0000000008003e68                crc_calculate
 .text.crc_calculate_block
                0x0000000008003e74       0x1c libopencm3/lib/libopencm3_stm32f1.a(crc_common_all.o)
                0x0000000008003e74                crc_calculate_block
 .text.dma_channel_reset
                0x0000000008003e90       0x22 libopencm3/lib/libopencm3_stm32f1.a(dma_common_l1f013.o)
                0x0000000008003e90                dma_channel_reset
 .text.dma_clear_interrupt_flags
                0x0000000008003eb2        0xc libopencm3/lib/libopencm3_stm32f1.a(dma_common_l1f013.o)
                0x0000000008003eb2                dma_clear_interrupt_flags
 .text.dma_get_interrupt_flag
                0x0000000008003ebe       0x14 libopencm3/lib/libopencm3_stm32f1.a(dma_common_l1f013.o)
                0x0000000008003ebe                dma_get_interrupt_flag
 .text.dma_set_memory_size
                0x0000000008003ed2       0x1a libopencm3/lib/libopencm3_stm32f1.a(dma_common_l1f013.o)
                0x0000000008003ed2                dma_set_memory_size
 .text.dma_set_peripheral_size
                0x0000000008003eec       0x1a libopencm3/lib/libopencm3_stm32f1.a(dma_common_l1f013.o)
                0x0000000008003eec                dma_set_peripheral_size
 .text.dma_enable_memory_increment_mode
                0x0000000008003f06       0x12 libopencm3/lib/libopencm3_stm32f1.a(dma_common_l1f013.o)
                0x0000000008003f06                dma_enable_memory_increment_mode
 .text.dma_enable_circular_mode
                0x0000000008003f18       0x1a libopencm3/lib/libopencm3_stm32f1.a(dma_common_l1f013.o)
                0x0000000008003f18                dma_enable_circular_mode
 .text.dma_set_read_from_memory
                0x0000000008003f32       0x12 libopencm3/lib/libopencm3_stm32f1.a(dma_common_l1f013.o)
                0x0000000008003f32                dma_set_read_from_memory
 .text.dma_enable_channel
                0x0000000008003f44       0x12 libopencm3/lib/libopencm3_stm32f1.a(dma_common_l1f013.o)
                0x0000000008003f44                dma_enable_channel
 .text.dma_disable_channel
                0x0000000008003f56       0x12 libopencm3/lib/libopencm3_stm32f1.a(dma_common_l1f013.o)
                0x0000000008003f56                dma_disable_channel
 .text.dma_set_peripheral_address
                0x0000000008003f68       0x12 libopencm3/lib/libopencm3_stm32f1.a(dma_common_l1f013.o)
                0x0000000008003f68                dma_set_peripheral_address
 .text.dma_set_memory_address
                0x0000000008003f7a       0x12 libopencm3/lib/libopencm3_stm32f1.a(dma_common_l1f013.o)
                0x0000000008003f7a                dma_set_memory_address
 .text.dma_get_number_of_data
                0x0000000008003f8c        0xe libopencm3/lib/libopencm3_stm32f1.a(dma_common_l1f013.o)
                0x0000000008003f8c                dma_get_number_of_data
 .text.dma_set_number_of_data
                0x0000000008003f9a        0xc libopencm3/lib/libopencm3_stm32f1.a(dma_common_l1f013.o)
                0x0000000008003f9a                dma_set_number_of_data
 *fill*         0x0000000008003fa6        0x2 
 .text.flash_get_status_flags
                0x0000000008003fa8       0x24 libopencm3/lib/libopencm3_stm32f1.a(flash.o)
                0x0000000008003fa8                flash_get_status_flags
 .text.flash_program_half_word
                0x0000000008003fcc       0x5c libopencm3/lib/libopencm3_stm32f1.a(flash.o)
                0x0000000008003fcc                flash_program_half_word
 .text.flash_erase_page
                0x0000000008004028       0x74 libopencm3/lib/libopencm3_stm32f1.a(flash.o)
                0x0000000008004028                flash_erase_page
 .text.flash_set_ws
                0x000000000800409c       0x14 libopencm3/lib/libopencm3_stm32f1.a(flash_common_all.o)
                0x000000000800409c                flash_set_ws
 .text.flash_unlock
                0x00000000080040b0       0x18 libopencm3/lib/libopencm3_stm32f1.a(flash_common_f.o)
                0x00000000080040b0                flash_unlock
 .text.flash_lock
                0x00000000080040c8       0x10 libopencm3/lib/libopencm3_stm32f1.a(flash_common_f.o)
                0x00000000080040c8                flash_lock
 .text.flash_wait_for_last_operation
                0x00000000080040d8        0xc libopencm3/lib/libopencm3_stm32f1.a(flash_common_f01.o)
                0x00000000080040d8                flash_wait_for_last_operation
 .text.flash_program_word
                0x00000000080040e4       0x18 libopencm3/lib/libopencm3_stm32f1.a(flash_common_f01.o)
                0x00000000080040e4                flash_program_word
 .text.gpio_set_mode
                0x00000000080040fc       0x5e libopencm3/lib/libopencm3_stm32f1.a(gpio.o)
                0x00000000080040fc                gpio_set_mode
 *fill*         0x000000000800415a        0x2 
 .text.gpio_primary_remap
                0x000000000800415c       0x14 libopencm3/lib/libopencm3_stm32f1.a(gpio.o)
                0x000000000800415c                gpio_primary_remap
 .text.gpio_set
                0x0000000008004170        0x4 libopencm3/lib/libopencm3_stm32f1.a(gpio_common_all.o)
                0x0000000008004170                gpio_set
 .text.gpio_get
                0x0000000008004174        0x6 libopencm3/lib/libopencm3_stm32f1.a(gpio_common_all.o)
                0x0000000008004174                gpio_get
 .text.gpio_toggle
                0x000000000800417a       0x12 libopencm3/lib/libopencm3_stm32f1.a(gpio_common_all.o)
                0x000000000800417a                gpio_toggle
 .text.iwdg_reset
                0x000000000800418c       0x10 libopencm3/lib/libopencm3_stm32f1.a(iwdg_common_all.o)
                0x000000000800418c                iwdg_reset
 .text.rcc_osc_on.part.0
                0x000000000800419c       0x10 libopencm3/lib/libopencm3_stm32f1.a(rcc.o)
 .text.rcc_is_osc_ready
                0x00000000080041ac       0x5c libopencm3/lib/libopencm3_stm32f1.a(rcc.o)
                0x00000000080041ac                rcc_is_osc_ready
 .text.rcc_wait_for_osc_ready
                0x0000000008004208       0x10 libopencm3/lib/libopencm3_stm32f1.a(rcc.o)
                0x0000000008004208                rcc_wait_for_osc_ready
 .text.rcc_osc_on
                0x0000000008004218       0x54 libopencm3/lib/libopencm3_stm32f1.a(rcc.o)
                0x0000000008004218                rcc_osc_on
 .text.rcc_set_sysclk_source
                0x000000000800426c       0x14 libopencm3/lib/libopencm3_stm32f1.a(rcc.o)
                0x000000000800426c                rcc_set_sysclk_source
 .text.rcc_set_pll_multiplication_factor
                0x0000000008004280       0x14 libopencm3/lib/libopencm3_stm32f1.a(rcc.o)
                0x0000000008004280                rcc_set_pll_multiplication_factor
 .text.rcc_set_pll_source
                0x0000000008004294       0x14 libopencm3/lib/libopencm3_stm32f1.a(rcc.o)
                0x0000000008004294                rcc_set_pll_source
 .text.rcc_set_pllxtpre
                0x00000000080042a8       0x14 libopencm3/lib/libopencm3_stm32f1.a(rcc.o)
                0x00000000080042a8                rcc_set_pllxtpre
 .text.rcc_rtc_clock_enabled_flag
                0x00000000080042bc       0x10 libopencm3/lib/libopencm3_stm32f1.a(rcc.o)
                0x00000000080042bc                rcc_rtc_clock_enabled_flag
 .text.rcc_enable_rtc_clock
                0x00000000080042cc       0x10 libopencm3/lib/libopencm3_stm32f1.a(rcc.o)
                0x00000000080042cc                rcc_enable_rtc_clock
 .text.rcc_set_rtc_clock_source
                0x00000000080042dc       0x90 libopencm3/lib/libopencm3_stm32f1.a(rcc.o)
                0x00000000080042dc                rcc_set_rtc_clock_source
 .text.rcc_set_adcpre
                0x000000000800436c       0x14 libopencm3/lib/libopencm3_stm32f1.a(rcc.o)
                0x000000000800436c                rcc_set_adcpre
 .text.rcc_set_ppre2
                0x0000000008004380       0x14 libopencm3/lib/libopencm3_stm32f1.a(rcc.o)
                0x0000000008004380                rcc_set_ppre2
 .text.rcc_set_ppre1
                0x0000000008004394       0x14 libopencm3/lib/libopencm3_stm32f1.a(rcc.o)
                0x0000000008004394                rcc_set_ppre1
 .text.rcc_set_hpre
                0x00000000080043a8       0x14 libopencm3/lib/libopencm3_stm32f1.a(rcc.o)
                0x00000000080043a8                rcc_set_hpre
 .text.rcc_clock_setup_in_hse_8mhz_out_72mhz
                0x00000000080043bc       0x8c libopencm3/lib/libopencm3_stm32f1.a(rcc.o)
                0x00000000080043bc                rcc_clock_setup_in_hse_8mhz_out_72mhz
 .text.rcc_periph_clock_enable
                0x0000000008004448       0x1c libopencm3/lib/libopencm3_stm32f1.a(rcc_common_all.o)
                0x0000000008004448                rcc_periph_clock_enable
 .text.rcc_periph_reset_pulse
                0x0000000008004464       0x24 libopencm3/lib/libopencm3_stm32f1.a(rcc_common_all.o)
                0x0000000008004464                rcc_periph_reset_pulse
 .text.rtc_enter_config_mode
                0x0000000008004488       0x18 libopencm3/lib/libopencm3_stm32f1.a(rtc.o)
                0x0000000008004488                rtc_enter_config_mode
 .text.rtc_exit_config_mode
                0x00000000080044a0       0x18 libopencm3/lib/libopencm3_stm32f1.a(rtc.o)
                0x00000000080044a0                rtc_exit_config_mode
 .text.rtc_awake_from_off
                0x00000000080044b8       0x68 libopencm3/lib/libopencm3_stm32f1.a(rtc.o)
                0x00000000080044b8                rtc_awake_from_off
 .text.rtc_set_prescale_val
                0x0000000008004520       0x20 libopencm3/lib/libopencm3_stm32f1.a(rtc.o)
                0x0000000008004520                rtc_set_prescale_val
 .text.rtc_get_counter_val
                0x0000000008004540       0x14 libopencm3/lib/libopencm3_stm32f1.a(rtc.o)
                0x0000000008004540                rtc_get_counter_val
 .text.rtc_set_counter_val
                0x0000000008004554       0x1c libopencm3/lib/libopencm3_stm32f1.a(rtc.o)
                0x0000000008004554                rtc_set_counter_val
 .text.rtc_awake_from_standby
                0x0000000008004570       0x34 libopencm3/lib/libopencm3_stm32f1.a(rtc.o)
                0x0000000008004570                rtc_awake_from_standby
 .text.rtc_auto_awake
                0x00000000080045a4       0x34 libopencm3/lib/libopencm3_stm32f1.a(rtc.o)
                0x00000000080045a4                rtc_auto_awake
 .text.timer_enable_irq
                0x00000000080045d8        0x8 libopencm3/lib/libopencm3_stm32f1.a(timer_common_all.o)
                0x00000000080045d8                timer_enable_irq
 .text.timer_get_flag
                0x00000000080045e0        0xc libopencm3/lib/libopencm3_stm32f1.a(timer_common_all.o)
                0x00000000080045e0                timer_get_flag
 .text.timer_clear_flag
                0x00000000080045ec        0x6 libopencm3/lib/libopencm3_stm32f1.a(timer_common_all.o)
                0x00000000080045ec                timer_clear_flag
 .text.timer_enable_preload
                0x00000000080045f2        0xa libopencm3/lib/libopencm3_stm32f1.a(timer_common_all.o)
                0x00000000080045f2                timer_enable_preload
 .text.timer_set_alignment
                0x00000000080045fc       0x14 libopencm3/lib/libopencm3_stm32f1.a(timer_common_all.o)
                0x00000000080045fc                timer_set_alignment
 .text.timer_direction_up
                0x0000000008004610        0xa libopencm3/lib/libopencm3_stm32f1.a(timer_common_all.o)
                0x0000000008004610                timer_direction_up
 .text.timer_enable_counter
                0x000000000800461a        0xa libopencm3/lib/libopencm3_stm32f1.a(timer_common_all.o)
                0x000000000800461a                timer_enable_counter
 .text.timer_disable_counter
                0x0000000008004624        0xa libopencm3/lib/libopencm3_stm32f1.a(timer_common_all.o)
                0x0000000008004624                timer_disable_counter
 .text.timer_set_prescaler
                0x000000000800462e        0x4 libopencm3/lib/libopencm3_stm32f1.a(timer_common_all.o)
                0x000000000800462e                timer_set_prescaler
 .text.timer_set_period
                0x0000000008004632        0x4 libopencm3/lib/libopencm3_stm32f1.a(timer_common_all.o)
                0x0000000008004632                timer_set_period
 .text.timer_set_oc_mode
                0x0000000008004636      0x18c libopencm3/lib/libopencm3_stm32f1.a(timer_common_all.o)
                0x0000000008004636                timer_set_oc_mode
 .text.timer_enable_oc_preload
                0x00000000080047c2       0x34 libopencm3/lib/libopencm3_stm32f1.a(timer_common_all.o)
                0x00000000080047c2                timer_enable_oc_preload
 .text.timer_set_oc_polarity_high
                0x00000000080047f6       0x4a libopencm3/lib/libopencm3_stm32f1.a(timer_common_all.o)
                0x00000000080047f6                timer_set_oc_polarity_high
 .text.timer_enable_oc_output
                0x0000000008004840       0x4a libopencm3/lib/libopencm3_stm32f1.a(timer_common_all.o)
                0x0000000008004840                timer_enable_oc_output
 .text.timer_set_oc_value
                0x000000000800488a       0x20 libopencm3/lib/libopencm3_stm32f1.a(timer_common_all.o)
                0x000000000800488a                timer_set_oc_value
 .text.timer_generate_event
                0x00000000080048aa        0x8 libopencm3/lib/libopencm3_stm32f1.a(timer_common_all.o)
                0x00000000080048aa                timer_generate_event
 .text.timer_get_counter
                0x00000000080048b2        0x4 libopencm3/lib/libopencm3_stm32f1.a(timer_common_all.o)
                0x00000000080048b2                timer_get_counter
 .text.timer_set_counter
                0x00000000080048b6        0x4 libopencm3/lib/libopencm3_stm32f1.a(timer_common_all.o)
                0x00000000080048b6                timer_set_counter
 *fill*         0x00000000080048ba        0x2 
 .text.usart_set_baudrate
                0x00000000080048bc       0x28 libopencm3/lib/libopencm3_stm32f1.a(usart_common_all.o)
                0x00000000080048bc                usart_set_baudrate
 .text.usart_set_databits
                0x00000000080048e4       0x12 libopencm3/lib/libopencm3_stm32f1.a(usart_common_all.o)
                0x00000000080048e4                usart_set_databits
 .text.usart_set_stopbits
                0x00000000080048f6        0xc libopencm3/lib/libopencm3_stm32f1.a(usart_common_all.o)
                0x00000000080048f6                usart_set_stopbits
 .text.usart_set_parity
                0x0000000008004902        0xc libopencm3/lib/libopencm3_stm32f1.a(usart_common_all.o)
                0x0000000008004902                usart_set_parity
 .text.usart_set_mode
                0x000000000800490e        0xc libopencm3/lib/libopencm3_stm32f1.a(usart_common_all.o)
                0x000000000800490e                usart_set_mode
 .text.usart_set_flow_control
                0x000000000800491a        0xc libopencm3/lib/libopencm3_stm32f1.a(usart_common_all.o)
                0x000000000800491a                usart_set_flow_control
 .text.usart_enable
                0x0000000008004926        0xa libopencm3/lib/libopencm3_stm32f1.a(usart_common_all.o)
                0x0000000008004926                usart_enable
 .text.usart_send_blocking
                0x0000000008004930       0x16 libopencm3/lib/libopencm3_stm32f1.a(usart_common_all.o)
                0x0000000008004930                usart_send_blocking
 .text.usart_enable_rx_dma
                0x0000000008004946        0xa libopencm3/lib/libopencm3_stm32f1.a(usart_common_all.o)
                0x0000000008004946                usart_enable_rx_dma
 .text.usart_enable_tx_dma
                0x0000000008004950        0xa libopencm3/lib/libopencm3_stm32f1.a(usart_common_all.o)
                0x0000000008004950                usart_enable_tx_dma
 .text.usart_send
                0x000000000800495a        0x8 libopencm3/lib/libopencm3_stm32f1.a(usart_common_f124.o)
                0x000000000800495a                usart_send
 .text.usart_recv
                0x0000000008004962        0x8 libopencm3/lib/libopencm3_stm32f1.a(usart_common_f124.o)
                0x0000000008004962                usart_recv
 .text.usart_wait_send_ready
                0x000000000800496a        0x8 libopencm3/lib/libopencm3_stm32f1.a(usart_common_f124.o)
                0x000000000800496a                usart_wait_send_ready
 .text.usart_get_flag
                0x0000000008004972        0xc libopencm3/lib/libopencm3_stm32f1.a(usart_common_f124.o)
                0x0000000008004972                usart_get_flag
 .text.blocking_handler
                0x000000000800497e        0x2 libopencm3/lib/libopencm3_stm32f1.a(vector.o)
                0x000000000800497e                usart3_isr
                0x000000000800497e                rtc_isr
                0x000000000800497e                tim7_isr
                0x000000000800497e                adc1_2_isr
                0x000000000800497e                tim1_trg_com_isr
                0x000000000800497e                tim6_isr
                0x000000000800497e                usb_wakeup_isr
                0x000000000800497e                blocking_handler
                0x000000000800497e                tim5_isr
                0x000000000800497e                otg_fs_isr
                0x000000000800497e                spi1_isr
                0x000000000800497e                exti2_isr
                0x000000000800497e                dma1_channel6_isr
                0x000000000800497e                dma1_channel5_isr
                0x000000000800497e                dma2_channel5_isr
                0x000000000800497e                usart1_isr
                0x000000000800497e                usage_fault_handler
                0x000000000800497e                tim8_trg_com_isr
                0x000000000800497e                tim1_brk_isr
                0x000000000800497e                tim1_cc_isr
                0x000000000800497e                sdio_isr
                0x000000000800497e                eth_isr
                0x000000000800497e                dma1_channel4_isr
                0x000000000800497e                tim8_brk_isr
                0x000000000800497e                dma2_channel4_5_isr
                0x000000000800497e                pvd_isr
                0x000000000800497e                rcc_isr
                0x000000000800497e                flash_isr
                0x000000000800497e                uart4_isr
                0x000000000800497e                rtc_alarm_isr
                0x000000000800497e                exti15_10_isr
                0x000000000800497e                hard_fault_handler
                0x000000000800497e                exti1_isr
                0x000000000800497e                i2c1_ev_isr
                0x000000000800497e                dma2_channel1_isr
                0x000000000800497e                spi2_isr
                0x000000000800497e                tim8_up_isr
                0x000000000800497e                dma2_channel2_isr
                0x000000000800497e                exti3_isr
                0x000000000800497e                adc3_isr
                0x000000000800497e                tim3_isr
                0x000000000800497e                usart2_isr
                0x000000000800497e                i2c2_er_isr
                0x000000000800497e                i2c2_ev_isr
                0x000000000800497e                uart5_isr
                0x000000000800497e                fsmc_isr
                0x000000000800497e                dma1_channel1_isr
                0x000000000800497e                exti4_isr
                0x000000000800497e                mem_manage_handler
                0x000000000800497e                exti9_5_isr
                0x000000000800497e                dma2_channel3_isr
                0x000000000800497e                dma1_channel7_isr
                0x000000000800497e                tim1_up_isr
                0x000000000800497e                can2_sce_isr
                0x000000000800497e                tim4_isr
                0x000000000800497e                dma1_channel2_isr
                0x000000000800497e                i2c1_er_isr
                0x000000000800497e                can_sce_isr
                0x000000000800497e                tim8_cc_isr
                0x000000000800497e                tamper_isr
                0x000000000800497e                eth_wkup_isr
                0x000000000800497e                bus_fault_handler
                0x000000000800497e                wwdg_isr
                0x000000000800497e                dma1_channel3_isr
                0x000000000800497e                spi3_isr
                0x000000000800497e                exti0_isr
 .text.null_handler
                0x0000000008004980        0x2 libopencm3/lib/libopencm3_stm32f1.a(vector.o)
                0x0000000008004980                null_handler
                0x0000000008004980                sv_call_handler
                0x0000000008004980                pend_sv_handler
                0x0000000008004980                debug_monitor_handler
                0x0000000008004980                sys_tick_handler
                0x0000000008004980                nmi_handler
 *fill*         0x0000000008004982        0x2 
 .text.reset_handler
                0x0000000008004984       0x90 libopencm3/lib/libopencm3_stm32f1.a(vector.o)
                0x0000000008004984                reset_handler
 .text.scb_reset_system
                0x0000000008004a14       0x10 libopencm3/lib/libopencm3_stm32f1.a(scb.o)
                0x0000000008004a14                scb_reset_system
 .text.nvic_enable_irq
                0x0000000008004a24       0x1a libopencm3/lib/libopencm3_stm32f1.a(nvic.o)
                0x0000000008004a24                nvic_enable_irq
 *fill*         0x0000000008004a3e        0x2 
 .text.nvic_set_priority
                0x0000000008004a40       0x20 libopencm3/lib/libopencm3_stm32f1.a(nvic.o)
                0x0000000008004a40                nvic_set_priority
 .text.desig_get_flash_size
                0x0000000008004a60        0xc libopencm3/lib/libopencm3_stm32f1.a(desig_common_v1.o)
                0x0000000008004a60                desig_get_flash_size
 .text.pwr_disable_backup_domain_write_protect
                0x0000000008004a6c       0x10 libopencm3/lib/libopencm3_stm32f1.a(pwr_common_v1.o)
                0x0000000008004a6c                pwr_disable_backup_domain_write_protect
                0x0000000008004a7c                . = ALIGN (0x4)
 *(.rodata*)
 .rodata._ZN14Stm32Scheduler5ocMapE
                0x0000000008004a7c        0x4 obj/stm32scheduler.o
                0x0000000008004a7c                Stm32Scheduler::ocMap
 .rodata.str1.1
                0x0000000008004a80      0x177 obj/params.o
 .rodata._ZN8Terminal10EnableUartEPc.str1.1
                0x0000000008004bf7      0x177 obj/terminal.o
                                          0x5 (size before relaxing)
 .rodata._ZN8Terminal8FastUartEPc.str1.1
                0x0000000008004bf7       0x17 obj/terminal.o
 .rodata._ZN8Terminal3RunEv.str1.1
                0x0000000008004c0e       0x2f obj/terminal.o
 *fill*         0x0000000008004c3d        0x3 
 .rodata._ZN8Terminal6hwInfoE
                0x0000000008004c40       0x48 obj/terminal.o
                0x0000000008004c40                Terminal::hwInfo
 .rodata._ZTV8Terminal
                0x0000000008004c88        0xc obj/terminal.o
                0x0000000008004c88                vtable for Terminal
 .rodata._ZL11PrintSerialP8TerminalPc.str1.1
                0x0000000008004c94        0x9 obj/terminal_prj.o
 .rodata._ZL12LoadDefaultsP8TerminalPc.str1.1
                0x0000000008004c9d       0x12 obj/terminal_prj.o
 .rodata.str1.1
                0x0000000008004caf       0x40 obj/terminal_prj.o
                                         0x49 (size before relaxing)
 *fill*         0x0000000008004cef        0x1 
 .rodata.termCmds
                0x0000000008004cf0       0x70 obj/terminal_prj.o
                0x0000000008004cf0                termCmds
 .rodata.CSWTCH.1
                0x0000000008004d60        0x4 obj/digio.o
 .rodata.CSWTCH.2
                0x0000000008004d64        0x4 obj/digio.o
 .rodata.CSWTCH.3
                0x0000000008004d68        0x4 obj/digio.o
 .rodata._ZL5printP8IPutCharPKcSt9__va_list.str1.1
                0x0000000008004d6c        0x7 obj/printf.o
 *fill*         0x0000000008004d73        0x1 
 .rodata._ZTV13ExternPutChar
                0x0000000008004d74        0xc obj/printf.o
                0x0000000008004d74                vtable for ExternPutChar
 .rodata._ZN12ErrorMessage10PrintErrorEm17ERROR_MESSAGE_NUM.str1.1
                0x0000000008004d80       0x10 obj/errormessage.o
 .rodata._ZN12ErrorMessage14PrintAllErrorsEv.str1.1
                0x0000000008004d90        0xc obj/errormessage.o
 .rodata.str1.1
                0x0000000008004d9c       0x30 obj/errormessage.o
                                         0x31 (size before relaxing)
 .rodata._ZL16errorDescriptors
                0x0000000008004dcc       0x10 obj/errormessage.o
 .rodata._ZL5types
                0x0000000008004ddc        0xc obj/errormessage.o
 .rodata._ZL8canSpeed
                0x0000000008004de8       0x30 obj/stm32_can.o
 .rodata._ZN16TerminalCommands11PrintCanMapEN5Param9PARAM_NUMEiiilb.str1.1
                0x0000000008004e18       0x1e obj/terminalcommands.o
 .rodata._ZN16TerminalCommands8ParamSetEP8TerminalPc.str1.1
                0x0000000008004e36       0x50 obj/terminalcommands.o
 .rodata._ZN16TerminalCommands8ParamGetEP8TerminalPc.str1.1
                0x0000000008004e86       0x1f obj/terminalcommands.o
 .rodata._ZN16TerminalCommands9ParamFlagEP8TerminalPc.str1.1
                0x0000000008004ea5       0x37 obj/terminalcommands.o
 .rodata._ZN16TerminalCommands11ParamStreamEP8TerminalPc.str1.1
                0x0000000008004edc       0x38 obj/terminalcommands.o
                                         0x3e (size before relaxing)
 .rodata._ZN16TerminalCommands15PrintParamsJsonEP8TerminalPc.str1.1
                0x0000000008004f14       0xd9 obj/terminalcommands.o
 .rodata._ZN16TerminalCommands6MapCanEP8TerminalPc.str1.1
                0x0000000008004fed       0xf4 obj/terminalcommands.o
                                         0xf6 (size before relaxing)
 .rodata._ZN16TerminalCommands14SaveParametersEP8TerminalPc.str1.1
                0x00000000080050e1       0x2c obj/terminalcommands.o
 .rodata._ZN16TerminalCommands14LoadParametersEP8TerminalPc.str1.1
                0x000000000800510d       0x2a obj/terminalcommands.o
                0x0000000008005138                . = ALIGN (0x4)
 *fill*         0x0000000008005137        0x1 

.glue_7         0x0000000008005138        0x0
 .glue_7        0x0000000008005138        0x0 linker stubs

.glue_7t        0x0000000008005138        0x0
 .glue_7t       0x0000000008005138        0x0 linker stubs

.vfp11_veneer   0x0000000008005138        0x0
 .vfp11_veneer  0x0000000008005138        0x0 linker stubs

.v4_bx          0x0000000008005138        0x0
 .v4_bx         0x0000000008005138        0x0 linker stubs

.iplt           0x0000000008005138        0x0
 .iplt          0x0000000008005138        0x0 obj/main.o

.rel.dyn        0x0000000008005138        0x0
 .rel.iplt      0x0000000008005138        0x0 obj/main.o

.preinit_array  0x0000000008005138        0x0
                0x0000000008005138                . = ALIGN (0x4)
                0x0000000008005138                __preinit_array_start = .
 *(.preinit_array)
                0x0000000008005138                __preinit_array_end = .

.init_array     0x0000000008005138        0xc
                0x0000000008005138                . = ALIGN (0x4)
                0x0000000008005138                __init_array_start = .
 *(SORT_BY_NAME(.init_array.*))
 *(.init_array)
 .init_array    0x0000000008005138        0x4 obj/params.o
 .init_array    0x000000000800513c        0x4 obj/sine_core.o
 .init_array    0x0000000008005140        0x4 obj/anain.o
                0x0000000008005144                __init_array_end = .

.fini_array     0x0000000008005144        0x0
                0x0000000008005144                . = ALIGN (0x4)
                0x0000000008005144                __fini_array_start = .
 *(.fini_array)
 *(SORT_BY_NAME(.fini_array.*))
                0x0000000008005144                __fini_array_end = .

.ARM.extab
 *(.ARM.extab*)

.ARM.exidx      0x0000000008005144        0x0
                0x0000000008005144                __exidx_start = .
 *(.ARM.exidx*)
                0x0000000008005144                __exidx_end = .
                0x0000000008005144                . = ALIGN (0x4)
                0x0000000008005144                _etext = .

.data           0x0000000020000000      0x2b0 load address 0x0000000008005144
                0x0000000020000000                _data = .
 *(.data*)
 .data._ZN5ParamL6valuesE
                0x0000000020000000       0x50 obj/params.o
 .data._ZN5ParamL7attribsE
                0x0000000020000050      0x230 obj/params.o
 .data.errorBuffer
                0x0000000020000280       0x20 obj/errormessage.o
                0x0000000020000280                errorBuffer
 .data.errorListString
                0x00000000200002a0        0x4 obj/errormessage.o
                0x00000000200002a0                errorListString
 .data.rcc_ahb_frequency
                0x00000000200002a4        0x4 libopencm3/lib/libopencm3_stm32f1.a(rcc.o)
                0x00000000200002a4                rcc_ahb_frequency
 .data.rcc_apb1_frequency
                0x00000000200002a8        0x4 libopencm3/lib/libopencm3_stm32f1.a(rcc.o)
                0x00000000200002a8                rcc_apb1_frequency
 .data.rcc_apb2_frequency
                0x00000000200002ac        0x4 libopencm3/lib/libopencm3_stm32f1.a(rcc.o)
                0x00000000200002ac                rcc_apb2_frequency
                0x00000000200002b0                . = ALIGN (0x4)
                0x00000000200002b0                _edata = .
                0x0000000008005144                _data_loadaddr = LOADADDR (.data)

.igot.plt       0x00000000200002b0        0x0 load address 0x00000000080053f4
 .igot.plt      0x00000000200002b0        0x0 obj/main.o

.bss            0x00000000200002b0       0xe0 load address 0x00000000080053f4
 *(.bss*)
 .bss._ZL10chargeMode
                0x00000000200002b0        0x1 obj/main.o
 *fill*         0x00000000200002b1        0x3 
 .bss._ZL3can   0x00000000200002b4        0x4 obj/main.o
 .bss._ZL9scheduler
                0x00000000200002b8        0x4 obj/main.o
 .bss._ZZL10RunChaDeMovE17connectorLockTime
                0x00000000200002bc        0x4 obj/main.o
 .bss._ZN5ParamL5flagsE
                0x00000000200002c0       0x14 obj/params.o
 .bss._ZN8Terminal15defaultTerminalE
                0x00000000200002d4        0x4 obj/terminal.o
                0x00000000200002d4                Terminal::defaultTerminal
 .bss._ZN5DigIo12charger_in_1E
                0x00000000200002d8        0x8 obj/digio.o
                0x00000000200002d8                DigIo::charger_in_1
 .bss._ZN5DigIo12charger_in_2E
                0x00000000200002e0        0x8 obj/digio.o
                0x00000000200002e0                DigIo::charger_in_2
 .bss._ZN5DigIo13hv_enable_outE
                0x00000000200002e8        0x8 obj/digio.o
                0x00000000200002e8                DigIo::hv_enable_out
 .bss._ZN5DigIo17charge_enable_outE
                0x00000000200002f0        0x8 obj/digio.o
                0x00000000200002f0                DigIo::charge_enable_out
 .bss._ZN5DigIo6car_inE
                0x00000000200002f8        0x8 obj/digio.o
                0x00000000200002f8                DigIo::car_in
 .bss._ZN5DigIo7led_outE
                0x0000000020000300        0x8 obj/digio.o
                0x0000000020000300                DigIo::led_out
 .bss._ZN5DigIo7test_inE
                0x0000000020000308        0x8 obj/digio.o
                0x0000000020000308                DigIo::test_in
 .bss._ZN5DigIo9extra_outE
                0x0000000020000310        0x8 obj/digio.o
                0x0000000020000310                DigIo::extra_out
 .bss._ZN8SineCore11ZERO_OFFSETE
                0x0000000020000318        0x2 obj/sine_core.o
                0x0000000020000318                SineCore::ZERO_OFFSET
 .bss._ZN5AnaIn13channel_arrayE
                0x000000002000031a        0x1 obj/anain.o
                0x000000002000031a                AnaIn::channel_array
 *fill*         0x000000002000031b        0x1 
 .bss._ZN5AnaIn4testE
                0x000000002000031c        0x4 obj/anain.o
                0x000000002000031c                AnaIn::test
 .bss._ZN5AnaIn6valuesE
                0x0000000020000320       0x18 obj/anain.o
                0x0000000020000320                AnaIn::values
 .bss._ZN12ErrorMessage13currentBufIdxE
                0x0000000020000338        0x4 obj/errormessage.o
                0x0000000020000338                ErrorMessage::currentBufIdx
 .bss._ZN12ErrorMessage6postedE
                0x000000002000033c        0x2 obj/errormessage.o
                0x000000002000033c                ErrorMessage::posted
 *fill*         0x000000002000033e        0x2 
 .bss._ZN12ErrorMessage8timeTickE
                0x0000000020000340        0x4 obj/errormessage.o
                0x0000000020000340                ErrorMessage::timeTick
 .bss._ZN12ErrorMessage9lastErrorE
                0x0000000020000344        0x1 obj/errormessage.o
                0x0000000020000344                ErrorMessage::lastError
 *fill*         0x0000000020000345        0x3 
 .bss._ZN3Can10interfacesE
                0x0000000020000348        0x8 obj/stm32_can.o
                0x0000000020000348                Can::interfaces
 .bss._ZL7curTerm
                0x0000000020000350        0x4 obj/terminalcommands.o
 .bss._ZN7ChaDeMo10curTimeoutE
                0x0000000020000354        0x4 obj/chademo.o
                0x0000000020000354                ChaDeMo::curTimeout
 .bss._ZN7ChaDeMo10vtgTimeoutE
                0x0000000020000358        0x4 obj/chademo.o
                0x0000000020000358                ChaDeMo::vtgTimeout
 .bss._ZN7ChaDeMo12rampedCurReqE
                0x000000002000035c        0x4 obj/chademo.o
                0x000000002000035c                ChaDeMo::rampedCurReq
 .bss._ZN7ChaDeMo13chargeEnabledE
                0x0000000020000360        0x1 obj/chademo.o
                0x0000000020000360                ChaDeMo::chargeEnabled
 .bss._ZN7ChaDeMo13chargerStatusE
                0x0000000020000361        0x1 obj/chademo.o
                0x0000000020000361                ChaDeMo::chargerStatus
 .bss._ZN7ChaDeMo13contactorOpenE
                0x0000000020000362        0x1 obj/chademo.o
                0x0000000020000362                ChaDeMo::contactorOpen
 .bss._ZN7ChaDeMo15parkingPositionE
                0x0000000020000363        0x1 obj/chademo.o
                0x0000000020000363                ChaDeMo::parkingPosition
 .bss._ZN7ChaDeMo17chargerMaxCurrentE
                0x0000000020000364        0x1 obj/chademo.o
                0x0000000020000364                ChaDeMo::chargerMaxCurrent
 .bss._ZN7ChaDeMo20chargeCurrentRequestE
                0x0000000020000365        0x1 obj/chademo.o
                0x0000000020000365                ChaDeMo::chargeCurrentRequest
 .bss._ZN7ChaDeMo20chargerOutputCurrentE
                0x0000000020000366        0x1 obj/chademo.o
                0x0000000020000366                ChaDeMo::chargerOutputCurrent
 *fill*         0x0000000020000367        0x1 
 .bss._ZN7ChaDeMo20chargerOutputVoltageE
                0x0000000020000368        0x2 obj/chademo.o
                0x0000000020000368                ChaDeMo::chargerOutputVoltage
 .bss._ZN7ChaDeMo20targetBatteryVoltageE
                0x000000002000036a        0x2 obj/chademo.o
                0x000000002000036a                ChaDeMo::targetBatteryVoltage
 .bss._ZN7ChaDeMo3socE
                0x000000002000036c        0x1 obj/chademo.o
                0x000000002000036c                ChaDeMo::soc
 .bss._ZN7ChaDeMo5faultE
                0x000000002000036d        0x1 obj/chademo.o
                0x000000002000036d                ChaDeMo::fault
 .bss._ZN3ISA11TemperatureE
                0x000000002000036e        0x2 obj/isa_shunt.o
                0x000000002000036e                ISA::Temperature
 .bss._ZN3ISA2AhE
                0x0000000020000370        0x4 obj/isa_shunt.o
                0x0000000020000370                ISA::Ah
 .bss._ZN3ISA2KWE
                0x0000000020000374        0x4 obj/isa_shunt.o
                0x0000000020000374                ISA::KW
 .bss._ZN3ISA3KWhE
                0x0000000020000378        0x4 obj/isa_shunt.o
                0x0000000020000378                ISA::KWh
 .bss._ZN3ISA7AmperesE
                0x000000002000037c        0x4 obj/isa_shunt.o
                0x000000002000037c                ISA::Amperes
 .bss._ZN3ISA7VoltageE
                0x0000000020000380        0x4 obj/isa_shunt.o
                0x0000000020000380                ISA::Voltage
 .bss._ZN3ISA8Voltage2E
                0x0000000020000384        0x4 obj/isa_shunt.o
                0x0000000020000384                ISA::Voltage2
 .bss._ZN3ISA8Voltage3E
                0x0000000020000388        0x4 obj/isa_shunt.o
                0x0000000020000388                ISA::Voltage3
 .bss.framecount
                0x000000002000038c        0x2 obj/isa_shunt.o
                0x000000002000038c                framecount
 *(COMMON)
                0x0000000020000390                . = ALIGN (0x4)
 *fill*         0x000000002000038e        0x2 
                0x0000000020000390                _ebss = .

/DISCARD/
 *(.eh_frame)
                0x0000000020000390                . = ALIGN (0x4)
                0x0000000020000390                end = .
                0x0000000020005000                PROVIDE (_stack = (ORIGIN (ram) + LENGTH (ram)))
OUTPUT(stm32_chademo elf32-littlearm)
LOAD linker stubs

.comment        0x0000000000000000       0x59
 .comment       0x0000000000000000       0x59 obj/main.o
                                         0x5a (size before relaxing)
 .comment       0x0000000000000059       0x5a obj/hwinit.o
 .comment       0x0000000000000059       0x5a obj/stm32scheduler.o
 .comment       0x0000000000000059       0x5a obj/params.o
 .comment       0x0000000000000059       0x5a obj/terminal.o
 .comment       0x0000000000000059       0x5a obj/terminal_prj.o
 .comment       0x0000000000000059       0x5a obj/my_string.o
 .comment       0x0000000000000059       0x5a obj/digio.o
 .comment       0x0000000000000059       0x5a obj/sine_core.o
 .comment       0x0000000000000059       0x5a obj/my_fp.o
 .comment       0x0000000000000059       0x5a obj/printf.o
 .comment       0x0000000000000059       0x5a obj/anain.o
 .comment       0x0000000000000059       0x5a obj/param_save.o
 .comment       0x0000000000000059       0x5a obj/errormessage.o
 .comment       0x0000000000000059       0x5a obj/stm32_can.o
 .comment       0x0000000000000059       0x5a obj/terminalcommands.o
 .comment       0x0000000000000059       0x5a obj/chademo.o
 .comment       0x0000000000000059       0x5a obj/isa_shunt.o
 .comment       0x0000000000000059       0x5a libopencm3/lib/libopencm3_stm32f1.a(adc.o)
 .comment       0x0000000000000059       0x5a libopencm3/lib/libopencm3_stm32f1.a(adc_common_v1.o)
 .comment       0x0000000000000059       0x5a libopencm3/lib/libopencm3_stm32f1.a(can.o)
 .comment       0x0000000000000059       0x5a libopencm3/lib/libopencm3_stm32f1.a(crc_common_all.o)
 .comment       0x0000000000000059       0x5a libopencm3/lib/libopencm3_stm32f1.a(dma_common_l1f013.o)
 .comment       0x0000000000000059       0x5a libopencm3/lib/libopencm3_stm32f1.a(flash.o)
 .comment       0x0000000000000059       0x5a libopencm3/lib/libopencm3_stm32f1.a(flash_common_all.o)
 .comment       0x0000000000000059       0x5a libopencm3/lib/libopencm3_stm32f1.a(flash_common_f.o)
 .comment       0x0000000000000059       0x5a libopencm3/lib/libopencm3_stm32f1.a(flash_common_f01.o)
 .comment       0x0000000000000059       0x5a libopencm3/lib/libopencm3_stm32f1.a(gpio.o)
 .comment       0x0000000000000059       0x5a libopencm3/lib/libopencm3_stm32f1.a(gpio_common_all.o)
 .comment       0x0000000000000059       0x5a libopencm3/lib/libopencm3_stm32f1.a(iwdg_common_all.o)
 .comment       0x0000000000000059       0x5a libopencm3/lib/libopencm3_stm32f1.a(rcc.o)
 .comment       0x0000000000000059       0x5a libopencm3/lib/libopencm3_stm32f1.a(rcc_common_all.o)
 .comment       0x0000000000000059       0x5a libopencm3/lib/libopencm3_stm32f1.a(rtc.o)
 .comment       0x0000000000000059       0x5a libopencm3/lib/libopencm3_stm32f1.a(timer_common_all.o)
 .comment       0x0000000000000059       0x5a libopencm3/lib/libopencm3_stm32f1.a(usart_common_all.o)
 .comment       0x0000000000000059       0x5a libopencm3/lib/libopencm3_stm32f1.a(usart_common_f124.o)
 .comment       0x0000000000000059       0x5a libopencm3/lib/libopencm3_stm32f1.a(vector.o)
 .comment       0x0000000000000059       0x5a libopencm3/lib/libopencm3_stm32f1.a(scb.o)
 .comment       0x0000000000000059       0x5a libopencm3/lib/libopencm3_stm32f1.a(nvic.o)
 .comment       0x0000000000000059       0x5a libopencm3/lib/libopencm3_stm32f1.a(desig_common_v1.o)
 .comment       0x0000000000000059       0x5a libopencm3/lib/libopencm3_stm32f1.a(pwr_common_v1.o)

.ARM.attributes
                0x0000000000000000       0x2d
 .ARM.attributes
                0x0000000000000000       0x2d obj/main.o
 .ARM.attributes
                0x000000000000002d       0x2d obj/hwinit.o
 .ARM.attributes
                0x000000000000005a       0x2d obj/stm32scheduler.o
 .ARM.attributes
                0x0000000000000087       0x2d obj/params.o
 .ARM.attributes
                0x00000000000000b4       0x2d obj/terminal.o
 .ARM.attributes
                0x00000000000000e1       0x2d obj/terminal_prj.o
 .ARM.attributes
                0x000000000000010e       0x2d obj/my_string.o
 .ARM.attributes
                0x000000000000013b       0x2d obj/digio.o
 .ARM.attributes
                0x0000000000000168       0x2d obj/sine_core.o
 .ARM.attributes
                0x0000000000000195       0x2d obj/my_fp.o
 .ARM.attributes
                0x00000000000001c2       0x2d obj/printf.o
 .ARM.attributes
                0x00000000000001ef       0x2d obj/anain.o
 .ARM.attributes
                0x000000000000021c       0x2d obj/param_save.o
 .ARM.attributes
                0x0000000000000249       0x2d obj/errormessage.o
 .ARM.attributes
                0x0000000000000276       0x2d obj/stm32_can.o
 .ARM.attributes
                0x00000000000002a3       0x2d obj/terminalcommands.o
 .ARM.attributes
                0x00000000000002d0       0x2d obj/chademo.o
 .ARM.attributes
                0x00000000000002fd       0x2d obj/isa_shunt.o
 .ARM.attributes
                0x000000000000032a       0x2d libopencm3/lib/libopencm3_stm32f1.a(adc.o)
 .ARM.attributes
                0x0000000000000357       0x2d libopencm3/lib/libopencm3_stm32f1.a(adc_common_v1.o)
 .ARM.attributes
                0x0000000000000384       0x2d libopencm3/lib/libopencm3_stm32f1.a(can.o)
 .ARM.attributes
                0x00000000000003b1       0x2d libopencm3/lib/libopencm3_stm32f1.a(crc_common_all.o)
 .ARM.attributes
                0x00000000000003de       0x2d libopencm3/lib/libopencm3_stm32f1.a(dma_common_l1f013.o)
 .ARM.attributes
                0x000000000000040b       0x2d libopencm3/lib/libopencm3_stm32f1.a(flash.o)
 .ARM.attributes
                0x0000000000000438       0x2d libopencm3/lib/libopencm3_stm32f1.a(flash_common_all.o)
 .ARM.attributes
                0x0000000000000465       0x2d libopencm3/lib/libopencm3_stm32f1.a(flash_common_f.o)
 .ARM.attributes
                0x0000000000000492       0x2d libopencm3/lib/libopencm3_stm32f1.a(flash_common_f01.o)
 .ARM.attributes
                0x00000000000004bf       0x2d libopencm3/lib/libopencm3_stm32f1.a(gpio.o)
 .ARM.attributes
                0x00000000000004ec       0x2d libopencm3/lib/libopencm3_stm32f1.a(gpio_common_all.o)
 .ARM.attributes
                0x0000000000000519       0x2d libopencm3/lib/libopencm3_stm32f1.a(iwdg_common_all.o)
 .ARM.attributes
                0x0000000000000546       0x2d libopencm3/lib/libopencm3_stm32f1.a(rcc.o)
 .ARM.attributes
                0x0000000000000573       0x2d libopencm3/lib/libopencm3_stm32f1.a(rcc_common_all.o)
 .ARM.attributes
                0x00000000000005a0       0x2d libopencm3/lib/libopencm3_stm32f1.a(rtc.o)
 .ARM.attributes
                0x00000000000005cd       0x2d libopencm3/lib/libopencm3_stm32f1.a(timer_common_all.o)
 .ARM.attributes
                0x00000000000005fa       0x2d libopencm3/lib/libopencm3_stm32f1.a(usart_common_all.o)
 .ARM.attributes
                0x0000000000000627       0x2d libopencm3/lib/libopencm3_stm32f1.a(usart_common_f124.o)
 .ARM.attributes
                0x0000000000000654       0x2d libopencm3/lib/libopencm3_stm32f1.a(vector.o)
 .ARM.attributes
                0x0000000000000681       0x2d libopencm3/lib/libopencm3_stm32f1.a(scb.o)
 .ARM.attributes
                0x00000000000006ae       0x2d libopencm3/lib/libopencm3_stm32f1.a(nvic.o)
 .ARM.attributes
                0x00000000000006db       0x2d libopencm3/lib/libopencm3_stm32f1.a(desig_common_v1.o)
 .ARM.attributes
                0x0000000000000708       0x2d libopencm3/lib/libopencm3_stm32f1.a(pwr_common_v1.o)

.debug_info     0x0000000000000000     0x75da
 .debug_info    0x0000000000000000      0x3b1 libopencm3/lib/libopencm3_stm32f1.a(adc.o)
 .debug_info    0x00000000000003b1      0x8dd libopencm3/lib/libopencm3_stm32f1.a(adc_common_v1.o)
 .debug_info    0x0000000000000c8e      0xba4 libopencm3/lib/libopencm3_stm32f1.a(can.o)
 .debug_info    0x0000000000001832      0x112 libopencm3/lib/libopencm3_stm32f1.a(crc_common_all.o)
 .debug_info    0x0000000000001944      0x7be libopencm3/lib/libopencm3_stm32f1.a(dma_common_l1f013.o)
 .debug_info    0x0000000000002102      0x33e libopencm3/lib/libopencm3_stm32f1.a(flash.o)
 .debug_info    0x0000000000002440       0xea libopencm3/lib/libopencm3_stm32f1.a(flash_common_all.o)
 .debug_info    0x000000000000252a       0xb2 libopencm3/lib/libopencm3_stm32f1.a(flash_common_f.o)
 .debug_info    0x00000000000025dc      0x1f1 libopencm3/lib/libopencm3_stm32f1.a(flash_common_f01.o)
 .debug_info    0x00000000000027cd      0x1e6 libopencm3/lib/libopencm3_stm32f1.a(gpio.o)
 .debug_info    0x00000000000029b3      0x24e libopencm3/lib/libopencm3_stm32f1.a(gpio_common_all.o)
 .debug_info    0x0000000000002c01      0x164 libopencm3/lib/libopencm3_stm32f1.a(iwdg_common_all.o)
 .debug_info    0x0000000000002d65     0x1283 libopencm3/lib/libopencm3_stm32f1.a(rcc.o)
 .debug_info    0x0000000000003fe8      0x5f7 libopencm3/lib/libopencm3_stm32f1.a(rcc_common_all.o)
 .debug_info    0x00000000000045df      0x730 libopencm3/lib/libopencm3_stm32f1.a(rtc.o)
 .debug_info    0x0000000000004d0f     0x113c libopencm3/lib/libopencm3_stm32f1.a(timer_common_all.o)
 .debug_info    0x0000000000005e4b      0x503 libopencm3/lib/libopencm3_stm32f1.a(usart_common_all.o)
 .debug_info    0x000000000000634e      0x1ad libopencm3/lib/libopencm3_stm32f1.a(usart_common_f124.o)
 .debug_info    0x00000000000064fb      0x2d1 libopencm3/lib/libopencm3_stm32f1.a(vector.o)
 .debug_info    0x00000000000067cc      0x962 libopencm3/lib/libopencm3_stm32f1.a(scb.o)
 .debug_info    0x000000000000712e      0x22d libopencm3/lib/libopencm3_stm32f1.a(nvic.o)
 .debug_info    0x000000000000735b       0xcf libopencm3/lib/libopencm3_stm32f1.a(desig_common_v1.o)
 .debug_info    0x000000000000742a      0x1b0 libopencm3/lib/libopencm3_stm32f1.a(pwr_common_v1.o)

.debug_abbrev   0x0000000000000000     0x1c94
 .debug_abbrev  0x0000000000000000      0x192 libopencm3/lib/libopencm3_stm32f1.a(adc.o)
 .debug_abbrev  0x0000000000000192      0x181 libopencm3/lib/libopencm3_stm32f1.a(adc_common_v1.o)
 .debug_abbrev  0x0000000000000313      0x2c1 libopencm3/lib/libopencm3_stm32f1.a(can.o)
 .debug_abbrev  0x00000000000005d4       0xb6 libopencm3/lib/libopencm3_stm32f1.a(crc_common_all.o)
 .debug_abbrev  0x000000000000068a      0x161 libopencm3/lib/libopencm3_stm32f1.a(dma_common_l1f013.o)
 .debug_abbrev  0x00000000000007eb      0x13b libopencm3/lib/libopencm3_stm32f1.a(flash.o)
 .debug_abbrev  0x0000000000000926       0x97 libopencm3/lib/libopencm3_stm32f1.a(flash_common_all.o)
 .debug_abbrev  0x00000000000009bd       0x56 libopencm3/lib/libopencm3_stm32f1.a(flash_common_f.o)
 .debug_abbrev  0x0000000000000a13       0xcb libopencm3/lib/libopencm3_stm32f1.a(flash_common_f01.o)
 .debug_abbrev  0x0000000000000ade       0xd0 libopencm3/lib/libopencm3_stm32f1.a(gpio.o)
 .debug_abbrev  0x0000000000000bae      0x116 libopencm3/lib/libopencm3_stm32f1.a(gpio_common_all.o)
 .debug_abbrev  0x0000000000000cc4      0x112 libopencm3/lib/libopencm3_stm32f1.a(iwdg_common_all.o)
 .debug_abbrev  0x0000000000000dd6      0x2e1 libopencm3/lib/libopencm3_stm32f1.a(rcc.o)
 .debug_abbrev  0x00000000000010b7      0x15d libopencm3/lib/libopencm3_stm32f1.a(rcc_common_all.o)
 .debug_abbrev  0x0000000000001214      0x1c2 libopencm3/lib/libopencm3_stm32f1.a(rtc.o)
 .debug_abbrev  0x00000000000013d6      0x1b1 libopencm3/lib/libopencm3_stm32f1.a(timer_common_all.o)
 .debug_abbrev  0x0000000000001587      0x129 libopencm3/lib/libopencm3_stm32f1.a(usart_common_all.o)
 .debug_abbrev  0x00000000000016b0       0xc8 libopencm3/lib/libopencm3_stm32f1.a(usart_common_f124.o)
 .debug_abbrev  0x0000000000001778      0x145 libopencm3/lib/libopencm3_stm32f1.a(vector.o)
 .debug_abbrev  0x00000000000018bd      0x1f2 libopencm3/lib/libopencm3_stm32f1.a(scb.o)
 .debug_abbrev  0x0000000000001aaf       0xb5 libopencm3/lib/libopencm3_stm32f1.a(nvic.o)
 .debug_abbrev  0x0000000000001b64       0x91 libopencm3/lib/libopencm3_stm32f1.a(desig_common_v1.o)
 .debug_abbrev  0x0000000000001bf5       0x9f libopencm3/lib/libopencm3_stm32f1.a(pwr_common_v1.o)

.debug_loc      0x0000000000000000     0x2bd1
 .debug_loc     0x0000000000000000      0x152 libopencm3/lib/libopencm3_stm32f1.a(adc.o)
 .debug_loc     0x0000000000000152      0x441 libopencm3/lib/libopencm3_stm32f1.a(adc_common_v1.o)
 .debug_loc     0x0000000000000593      0xad1 libopencm3/lib/libopencm3_stm32f1.a(can.o)
 .debug_loc     0x0000000000001064       0x94 libopencm3/lib/libopencm3_stm32f1.a(crc_common_all.o)
 .debug_loc     0x00000000000010f8      0x785 libopencm3/lib/libopencm3_stm32f1.a(dma_common_l1f013.o)
 .debug_loc     0x000000000000187d       0x90 libopencm3/lib/libopencm3_stm32f1.a(flash.o)
 .debug_loc     0x000000000000190d       0x15 libopencm3/lib/libopencm3_stm32f1.a(flash_common_all.o)
 .debug_loc     0x0000000000001922       0xca libopencm3/lib/libopencm3_stm32f1.a(flash_common_f01.o)
 .debug_loc     0x00000000000019ec      0x134 libopencm3/lib/libopencm3_stm32f1.a(gpio.o)
 .debug_loc     0x0000000000001b20       0xbe libopencm3/lib/libopencm3_stm32f1.a(gpio_common_all.o)
 .debug_loc     0x0000000000001bde       0xbf libopencm3/lib/libopencm3_stm32f1.a(iwdg_common_all.o)
 .debug_loc     0x0000000000001c9d      0x39c libopencm3/lib/libopencm3_stm32f1.a(rcc.o)
 .debug_loc     0x0000000000002039       0x6f libopencm3/lib/libopencm3_stm32f1.a(rcc_common_all.o)
 .debug_loc     0x00000000000020a8      0x268 libopencm3/lib/libopencm3_stm32f1.a(rtc.o)
 .debug_loc     0x0000000000002310      0x3e9 libopencm3/lib/libopencm3_stm32f1.a(timer_common_all.o)
 .debug_loc     0x00000000000026f9      0x172 libopencm3/lib/libopencm3_stm32f1.a(usart_common_all.o)
 .debug_loc     0x000000000000286b       0x99 libopencm3/lib/libopencm3_stm32f1.a(usart_common_f124.o)
 .debug_loc     0x0000000000002904      0x128 libopencm3/lib/libopencm3_stm32f1.a(vector.o)
 .debug_loc     0x0000000000002a2c       0x25 libopencm3/lib/libopencm3_stm32f1.a(scb.o)
 .debug_loc     0x0000000000002a51      0x14d libopencm3/lib/libopencm3_stm32f1.a(nvic.o)
 .debug_loc     0x0000000000002b9e       0x33 libopencm3/lib/libopencm3_stm32f1.a(desig_common_v1.o)

.debug_aranges  0x0000000000000000      0xcb0
 .debug_aranges
                0x0000000000000000       0x98 libopencm3/lib/libopencm3_stm32f1.a(adc.o)
 .debug_aranges
                0x0000000000000098      0x158 libopencm3/lib/libopencm3_stm32f1.a(adc_common_v1.o)
 .debug_aranges
                0x00000000000001f0       0x88 libopencm3/lib/libopencm3_stm32f1.a(can.o)
 .debug_aranges
                0x0000000000000278       0x30 libopencm3/lib/libopencm3_stm32f1.a(crc_common_all.o)
 .debug_aranges
                0x00000000000002a8       0xe8 libopencm3/lib/libopencm3_stm32f1.a(dma_common_l1f013.o)
 .debug_aranges
                0x0000000000000390       0x78 libopencm3/lib/libopencm3_stm32f1.a(flash.o)
 .debug_aranges
                0x0000000000000408       0x38 libopencm3/lib/libopencm3_stm32f1.a(flash_common_all.o)
 .debug_aranges
                0x0000000000000440       0x30 libopencm3/lib/libopencm3_stm32f1.a(flash_common_f.o)
 .debug_aranges
                0x0000000000000470       0x48 libopencm3/lib/libopencm3_stm32f1.a(flash_common_f01.o)
 .debug_aranges
                0x00000000000004b8       0x38 libopencm3/lib/libopencm3_stm32f1.a(gpio.o)
 .debug_aranges
                0x00000000000004f0       0x50 libopencm3/lib/libopencm3_stm32f1.a(gpio_common_all.o)
 .debug_aranges
                0x0000000000000540       0x40 libopencm3/lib/libopencm3_stm32f1.a(iwdg_common_all.o)
 .debug_aranges
                0x0000000000000580      0x158 libopencm3/lib/libopencm3_stm32f1.a(rcc.o)
 .debug_aranges
                0x00000000000006d8       0x58 libopencm3/lib/libopencm3_stm32f1.a(rcc_common_all.o)
 .debug_aranges
                0x0000000000000730       0xa0 libopencm3/lib/libopencm3_stm32f1.a(rtc.o)
 .debug_aranges
                0x00000000000007d0      0x270 libopencm3/lib/libopencm3_stm32f1.a(timer_common_all.o)
 .debug_aranges
                0x0000000000000a40       0xb8 libopencm3/lib/libopencm3_stm32f1.a(usart_common_all.o)
 .debug_aranges
                0x0000000000000af8       0x40 libopencm3/lib/libopencm3_stm32f1.a(usart_common_f124.o)
 .debug_aranges
                0x0000000000000b38       0x30 libopencm3/lib/libopencm3_stm32f1.a(vector.o)
 .debug_aranges
                0x0000000000000b68       0x30 libopencm3/lib/libopencm3_stm32f1.a(scb.o)
 .debug_aranges
                0x0000000000000b98       0x60 libopencm3/lib/libopencm3_stm32f1.a(nvic.o)
 .debug_aranges
                0x0000000000000bf8       0x28 libopencm3/lib/libopencm3_stm32f1.a(desig_common_v1.o)
 .debug_aranges
                0x0000000000000c20       0x90 libopencm3/lib/libopencm3_stm32f1.a(pwr_common_v1.o)

.debug_ranges   0x0000000000000000      0xbc8
 .debug_ranges  0x0000000000000000       0x88 libopencm3/lib/libopencm3_stm32f1.a(adc.o)
 .debug_ranges  0x0000000000000088      0x148 libopencm3/lib/libopencm3_stm32f1.a(adc_common_v1.o)
 .debug_ranges  0x00000000000001d0       0x78 libopencm3/lib/libopencm3_stm32f1.a(can.o)
 .debug_ranges  0x0000000000000248       0x20 libopencm3/lib/libopencm3_stm32f1.a(crc_common_all.o)
 .debug_ranges  0x0000000000000268       0xd8 libopencm3/lib/libopencm3_stm32f1.a(dma_common_l1f013.o)
 .debug_ranges  0x0000000000000340       0x68 libopencm3/lib/libopencm3_stm32f1.a(flash.o)
 .debug_ranges  0x00000000000003a8       0x28 libopencm3/lib/libopencm3_stm32f1.a(flash_common_all.o)
 .debug_ranges  0x00000000000003d0       0x20 libopencm3/lib/libopencm3_stm32f1.a(flash_common_f.o)
 .debug_ranges  0x00000000000003f0       0x38 libopencm3/lib/libopencm3_stm32f1.a(flash_common_f01.o)
 .debug_ranges  0x0000000000000428       0x28 libopencm3/lib/libopencm3_stm32f1.a(gpio.o)
 .debug_ranges  0x0000000000000450       0x40 libopencm3/lib/libopencm3_stm32f1.a(gpio_common_all.o)
 .debug_ranges  0x0000000000000490       0x48 libopencm3/lib/libopencm3_stm32f1.a(iwdg_common_all.o)
 .debug_ranges  0x00000000000004d8      0x1b8 libopencm3/lib/libopencm3_stm32f1.a(rcc.o)
 .debug_ranges  0x0000000000000690       0x48 libopencm3/lib/libopencm3_stm32f1.a(rcc_common_all.o)
 .debug_ranges  0x00000000000006d8       0x90 libopencm3/lib/libopencm3_stm32f1.a(rtc.o)
 .debug_ranges  0x0000000000000768      0x260 libopencm3/lib/libopencm3_stm32f1.a(timer_common_all.o)
 .debug_ranges  0x00000000000009c8       0xa8 libopencm3/lib/libopencm3_stm32f1.a(usart_common_all.o)
 .debug_ranges  0x0000000000000a70       0x30 libopencm3/lib/libopencm3_stm32f1.a(usart_common_f124.o)
 .debug_ranges  0x0000000000000aa0       0x20 libopencm3/lib/libopencm3_stm32f1.a(vector.o)
 .debug_ranges  0x0000000000000ac0       0x20 libopencm3/lib/libopencm3_stm32f1.a(scb.o)
 .debug_ranges  0x0000000000000ae0       0x50 libopencm3/lib/libopencm3_stm32f1.a(nvic.o)
 .debug_ranges  0x0000000000000b30       0x18 libopencm3/lib/libopencm3_stm32f1.a(desig_common_v1.o)
 .debug_ranges  0x0000000000000b48       0x80 libopencm3/lib/libopencm3_stm32f1.a(pwr_common_v1.o)

.debug_macro    0x0000000000000000     0x6efc
 .debug_macro   0x0000000000000000       0x6f libopencm3/lib/libopencm3_stm32f1.a(adc.o)
 .debug_macro   0x000000000000006f      0xa90 libopencm3/lib/libopencm3_stm32f1.a(adc.o)
 .debug_macro   0x0000000000000aff       0x1c libopencm3/lib/libopencm3_stm32f1.a(adc.o)
 .debug_macro   0x0000000000000b1b      0x34e libopencm3/lib/libopencm3_stm32f1.a(adc.o)
 .debug_macro   0x0000000000000e69       0x22 libopencm3/lib/libopencm3_stm32f1.a(adc.o)
 .debug_macro   0x0000000000000e8b       0xe8 libopencm3/lib/libopencm3_stm32f1.a(adc.o)
 .debug_macro   0x0000000000000f73       0x76 libopencm3/lib/libopencm3_stm32f1.a(adc.o)
 .debug_macro   0x0000000000000fe9      0x1b4 libopencm3/lib/libopencm3_stm32f1.a(adc.o)
 .debug_macro   0x000000000000119d      0x449 libopencm3/lib/libopencm3_stm32f1.a(adc.o)
 .debug_macro   0x00000000000015e6      0x456 libopencm3/lib/libopencm3_stm32f1.a(adc.o)
 .debug_macro   0x0000000000001a3c       0x6f libopencm3/lib/libopencm3_stm32f1.a(adc_common_v1.o)
 .debug_macro   0x0000000000001aab       0x80 libopencm3/lib/libopencm3_stm32f1.a(can.o)
 .debug_macro   0x0000000000001b2b      0x513 libopencm3/lib/libopencm3_stm32f1.a(can.o)
 .debug_macro   0x000000000000203e      0x82c libopencm3/lib/libopencm3_stm32f1.a(can.o)
 .debug_macro   0x000000000000286a       0x6a libopencm3/lib/libopencm3_stm32f1.a(crc_common_all.o)
 .debug_macro   0x00000000000028d4       0x22 libopencm3/lib/libopencm3_stm32f1.a(crc_common_all.o)
 .debug_macro   0x00000000000028f6       0x6a libopencm3/lib/libopencm3_stm32f1.a(dma_common_l1f013.o)
 .debug_macro   0x0000000000002960      0x4f5 libopencm3/lib/libopencm3_stm32f1.a(dma_common_l1f013.o)
 .debug_macro   0x0000000000002e55       0x81 libopencm3/lib/libopencm3_stm32f1.a(flash.o)
 .debug_macro   0x0000000000002ed6       0xee libopencm3/lib/libopencm3_stm32f1.a(flash.o)
 .debug_macro   0x0000000000002fc4       0x82 libopencm3/lib/libopencm3_stm32f1.a(flash.o)
 .debug_macro   0x0000000000003046       0x77 libopencm3/lib/libopencm3_stm32f1.a(flash_common_all.o)
 .debug_macro   0x00000000000030bd       0x77 libopencm3/lib/libopencm3_stm32f1.a(flash_common_f.o)
 .debug_macro   0x0000000000003134       0x77 libopencm3/lib/libopencm3_stm32f1.a(flash_common_f01.o)
 .debug_macro   0x00000000000031ab       0x6f libopencm3/lib/libopencm3_stm32f1.a(gpio.o)
 .debug_macro   0x000000000000321a       0x76 libopencm3/lib/libopencm3_stm32f1.a(gpio.o)
 .debug_macro   0x0000000000003290      0xe04 libopencm3/lib/libopencm3_stm32f1.a(gpio.o)
 .debug_macro   0x0000000000004094       0x6f libopencm3/lib/libopencm3_stm32f1.a(gpio_common_all.o)
 .debug_macro   0x0000000000004103       0x7c libopencm3/lib/libopencm3_stm32f1.a(iwdg_common_all.o)
 .debug_macro   0x000000000000417f       0x70 libopencm3/lib/libopencm3_stm32f1.a(iwdg_common_all.o)
 .debug_macro   0x00000000000041ef       0x9e libopencm3/lib/libopencm3_stm32f1.a(rcc.o)
 .debug_macro   0x000000000000428d       0x16 libopencm3/lib/libopencm3_stm32f1.a(rcc.o)
 .debug_macro   0x00000000000042a3       0x85 libopencm3/lib/libopencm3_stm32f1.a(rcc_common_all.o)
 .debug_macro   0x0000000000004328       0x9d libopencm3/lib/libopencm3_stm32f1.a(rtc.o)
 .debug_macro   0x00000000000043c5       0x8e libopencm3/lib/libopencm3_stm32f1.a(rtc.o)
 .debug_macro   0x0000000000004453       0x76 libopencm3/lib/libopencm3_stm32f1.a(rtc.o)
 .debug_macro   0x00000000000044c9       0x82 libopencm3/lib/libopencm3_stm32f1.a(timer_common_all.o)
 .debug_macro   0x000000000000454b      0xf9a libopencm3/lib/libopencm3_stm32f1.a(timer_common_all.o)
 .debug_macro   0x00000000000054e5       0x91 libopencm3/lib/libopencm3_stm32f1.a(usart_common_all.o)
 .debug_macro   0x0000000000005576       0x94 libopencm3/lib/libopencm3_stm32f1.a(usart_common_all.o)
 .debug_macro   0x000000000000560a      0x29e libopencm3/lib/libopencm3_stm32f1.a(usart_common_all.o)
 .debug_macro   0x00000000000058a8       0x91 libopencm3/lib/libopencm3_stm32f1.a(usart_common_f124.o)
 .debug_macro   0x0000000000005939       0x86 libopencm3/lib/libopencm3_stm32f1.a(vector.o)
 .debug_macro   0x00000000000059bf      0x395 libopencm3/lib/libopencm3_stm32f1.a(vector.o)
 .debug_macro   0x0000000000005d54       0x6e libopencm3/lib/libopencm3_stm32f1.a(vector.o)
 .debug_macro   0x0000000000005dc2      0x1a2 libopencm3/lib/libopencm3_stm32f1.a(vector.o)
 .debug_macro   0x0000000000005f64      0x123 libopencm3/lib/libopencm3_stm32f1.a(scb.o)
 .debug_macro   0x0000000000006087       0x18 libopencm3/lib/libopencm3_stm32f1.a(scb.o)
 .debug_macro   0x000000000000609f       0x22 libopencm3/lib/libopencm3_stm32f1.a(scb.o)
 .debug_macro   0x00000000000060c1       0x52 libopencm3/lib/libopencm3_stm32f1.a(scb.o)
 .debug_macro   0x0000000000006113       0x5c libopencm3/lib/libopencm3_stm32f1.a(scb.o)
 .debug_macro   0x000000000000616f       0x35 libopencm3/lib/libopencm3_stm32f1.a(scb.o)
 .debug_macro   0x00000000000061a4       0x34 libopencm3/lib/libopencm3_stm32f1.a(scb.o)
 .debug_macro   0x00000000000061d8       0x16 libopencm3/lib/libopencm3_stm32f1.a(scb.o)
 .debug_macro   0x00000000000061ee      0x10e libopencm3/lib/libopencm3_stm32f1.a(scb.o)
 .debug_macro   0x00000000000062fc       0x86 libopencm3/lib/libopencm3_stm32f1.a(scb.o)
 .debug_macro   0x0000000000006382       0x16 libopencm3/lib/libopencm3_stm32f1.a(scb.o)
 .debug_macro   0x0000000000006398       0x43 libopencm3/lib/libopencm3_stm32f1.a(scb.o)
 .debug_macro   0x00000000000063db       0x57 libopencm3/lib/libopencm3_stm32f1.a(scb.o)
 .debug_macro   0x0000000000006432       0x34 libopencm3/lib/libopencm3_stm32f1.a(scb.o)
 .debug_macro   0x0000000000006466       0x10 libopencm3/lib/libopencm3_stm32f1.a(scb.o)
 .debug_macro   0x0000000000006476       0x52 libopencm3/lib/libopencm3_stm32f1.a(scb.o)
 .debug_macro   0x00000000000064c8      0x182 libopencm3/lib/libopencm3_stm32f1.a(scb.o)
 .debug_macro   0x000000000000664a      0x35c libopencm3/lib/libopencm3_stm32f1.a(scb.o)
 .debug_macro   0x00000000000069a6       0x22 libopencm3/lib/libopencm3_stm32f1.a(scb.o)
 .debug_macro   0x00000000000069c8       0x6a libopencm3/lib/libopencm3_stm32f1.a(nvic.o)
 .debug_macro   0x0000000000006a32       0x68 libopencm3/lib/libopencm3_stm32f1.a(nvic.o)
 .debug_macro   0x0000000000006a9a      0x39b libopencm3/lib/libopencm3_stm32f1.a(nvic.o)
 .debug_macro   0x0000000000006e35       0x5d libopencm3/lib/libopencm3_stm32f1.a(desig_common_v1.o)
 .debug_macro   0x0000000000006e92       0x6a libopencm3/lib/libopencm3_stm32f1.a(pwr_common_v1.o)

.debug_line     0x0000000000000000     0x64b9
 .debug_line    0x0000000000000000      0x4b7 libopencm3/lib/libopencm3_stm32f1.a(adc.o)
 .debug_line    0x00000000000004b7      0x7a1 libopencm3/lib/libopencm3_stm32f1.a(adc_common_v1.o)
 .debug_line    0x0000000000000c58      0x77a libopencm3/lib/libopencm3_stm32f1.a(can.o)
 .debug_line    0x00000000000013d2      0x20b libopencm3/lib/libopencm3_stm32f1.a(crc_common_all.o)
 .debug_line    0x00000000000015dd      0x507 libopencm3/lib/libopencm3_stm32f1.a(dma_common_l1f013.o)
 .debug_line    0x0000000000001ae4      0x462 libopencm3/lib/libopencm3_stm32f1.a(flash.o)
 .debug_line    0x0000000000001f46      0x22b libopencm3/lib/libopencm3_stm32f1.a(flash_common_all.o)
 .debug_line    0x0000000000002171      0x1f5 libopencm3/lib/libopencm3_stm32f1.a(flash_common_f.o)
 .debug_line    0x0000000000002366      0x2be libopencm3/lib/libopencm3_stm32f1.a(flash_common_f01.o)
 .debug_line    0x0000000000002624      0x264 libopencm3/lib/libopencm3_stm32f1.a(gpio.o)
 .debug_line    0x0000000000002888      0x27a libopencm3/lib/libopencm3_stm32f1.a(gpio_common_all.o)